This is pdfTeX, Version 3.141592653-2.6-1.40.28 (TeX Live 2025) (preloaded format=pdflatex 2026.1.10)  7 FEB 2026 18:33
entering extended mode
 restricted \write18 enabled.
 %&-line parsing enabled.
**bthesis_wbischoff_2228538.tex
(./bthesis_wbischoff_2228538.tex
LaTeX2e <2025-11-01>
L3 programming layer <2025-12-29>
(./setup/page.tex)
(c:/texlive/2025/texmf-dist/tex/latex/koma-script/scrbook.cls
Document Class: scrbook 2025/12/01 v3.49 KOMA-Script document class (book)
(c:/texlive/2025/texmf-dist/tex/latex/koma-script/scrkbase.sty
Package: scrkbase 2025/12/01 v3.49 KOMA-Script package (KOMA-Script-dependent b
asics and keyval usage)

(c:/texlive/2025/texmf-dist/tex/latex/koma-script/scrbase.sty
Package: scrbase 2025/12/01 v3.49 KOMA-Script package (KOMA-Script-independent 
basics and keyval usage)

(c:/texlive/2025/texmf-dist/tex/latex/koma-script/scrlfile.sty
Package: scrlfile 2025/12/01 v3.49 KOMA-Script package (file load hooks)

(c:/texlive/2025/texmf-dist/tex/latex/koma-script/scrlfile-hook.sty
Package: scrlfile-hook 2025/12/01 v3.49 KOMA-Script package (using LaTeX hooks)


(c:/texlive/2025/texmf-dist/tex/latex/koma-script/scrlogo.sty
Package: scrlogo 2025/12/01 v3.49 KOMA-Script package (logo)
)))
(c:/texlive/2025/texmf-dist/tex/latex/graphics/keyval.sty
Package: keyval 2022/05/29 v1.15 key=value parser (DPC)
\KV@toks@=\toks17
)
Applying: [2021/05/01] Usage of raw or classic option list on input line 254.
Already applied: [0000/00/00] Usage of raw or classic option list on input line
 370.
))
(c:/texlive/2025/texmf-dist/tex/latex/koma-script/tocbasic.sty
Package: tocbasic 2025/12/01 v3.49 KOMA-Script package (handling toc-files)
\scr@dte@tocline@numberwidth=\skip49
\scr@dte@tocline@numbox=\box53
)
Package tocbasic Info: omitting babel extension for `toc'
(tocbasic)             because of feature `nobabel' available
(tocbasic)             for `toc' on input line 143.
Class scrbook Info: File `scrsize10pt.clo' used to setup font sizes on input li
ne 2711.

(c:/texlive/2025/texmf-dist/tex/latex/koma-script/scrsize10pt.clo
File: scrsize10pt.clo 2025/12/01 v3.49 KOMA-Script font size class option (10pt
)
)
(c:/texlive/2025/texmf-dist/tex/latex/koma-script/typearea.sty
Package: typearea 2025/12/01 v3.49 KOMA-Script package (type area)
\ta@bcor=\skip50
\ta@div=\count275
\ta@hblk=\skip51
\ta@vblk=\skip52
\ta@temp=\skip53
\footheight=\skip54


Package typearea Warning: Bad type area settings!
(typearea)                The detected line width is about 34%
(typearea)                larger than the heuristically estimated maximum
(typearea)                limit of typographical good line width.
(typearea)                You should e.g. decrease DIV, increase fontsize
(typearea)                or change papersize.

Package typearea Info: These are the values describing the layout:
(typearea)             DIV  = 15
(typearea)             BCOR = 0.0pt
(typearea)             \paperwidth      = 597.50793pt
(typearea)              \textwidth      = 478.00635pt
(typearea)              DIV departure   = -34%
(typearea)              \evensidemargin = -12.5192pt
(typearea)              \oddsidemargin  = -12.5192pt
(typearea)             \paperheight     = 845.04694pt
(typearea)              \textheight     = 646.0pt
(typearea)              \topmargin      = -15.93353pt
(typearea)              \headheight     = 15.0pt
(typearea)              \headsep        = 18.0pt
(typearea)              \topskip        = 10.0pt
(typearea)              \footskip       = 42.0pt
(typearea)              \baselineskip   = 12.0pt
(typearea)              on input line 1808.
)
\c@part=\count276
\c@chapter=\count277
\c@section=\count278
\c@subsection=\count279
\c@subsubsection=\count280
\c@paragraph=\count281
\c@subparagraph=\count282
\scr@dte@chapter@maxnumwidth=\skip55
Class scrbook Info: using compatibility default `afterindent=bysign'
(scrbook)           for `\chapter on input line 5937.
\scr@dte@section@maxnumwidth=\skip56
Class scrbook Info: using compatibility default `runin=bysign'
(scrbook)           for `\section on input line 5948.
Class scrbook Info: using compatibility default `afterindent=bysign'
(scrbook)           for `\section on input line 5948.
\scr@dte@part@maxnumwidth=\skip57
Class scrbook Info: using compatibility default `afterindent=true'
(scrbook)           for `\part on input line 5957.
\scr@dte@subsection@maxnumwidth=\skip58
Class scrbook Info: using compatibility default `runin=bysign'
(scrbook)           for `\subsection on input line 5967.
Class scrbook Info: using compatibility default `afterindent=bysign'
(scrbook)           for `\subsection on input line 5967.
\scr@dte@subsubsection@maxnumwidth=\skip59
Class scrbook Info: using compatibility default `runin=bysign'
(scrbook)           for `\subsubsection on input line 5977.
Class scrbook Info: using compatibility default `afterindent=bysign'
(scrbook)           for `\subsubsection on input line 5977.
\scr@dte@paragraph@maxnumwidth=\skip60
Class scrbook Info: using compatibility default `runin=bysign'
(scrbook)           for `\paragraph on input line 5988.
Class scrbook Info: using compatibility default `afterindent=bysign'
(scrbook)           for `\paragraph on input line 5988.
\scr@dte@subparagraph@maxnumwidth=\skip61
Class scrbook Info: using compatibility default `runin=bysign'
(scrbook)           for `\subparagraph on input line 5998.
Class scrbook Info: using compatibility default `afterindent=bysign'
(scrbook)           for `\subparagraph on input line 5998.
\abovecaptionskip=\skip62
\belowcaptionskip=\skip63
\c@pti@nb@sid@b@x=\box54
Package tocbasic Info: omitting babel extension for `lof'
(tocbasic)             because of feature `nobabel' available
(tocbasic)             for `lof' on input line 7234.
\scr@dte@figure@maxnumwidth=\skip64
\c@figure=\count283
Package tocbasic Info: omitting babel extension for `lot'
(tocbasic)             because of feature `nobabel' available
(tocbasic)             for `lot' on input line 7247.
\scr@dte@table@maxnumwidth=\skip65
\c@table=\count284
Class scrbook Info: Redefining `\numberline' on input line 7418.
\bibindent=\dimen148
) (./setup/commands.tex) (./setup/packages.tex
(c:/texlive/2025/texmf-dist/tex/latex/koma-script/scrlayer-scrpage.sty
Package: scrlayer-scrpage 2025/12/01 v3.49 KOMA-Script package (end user interf
ace for scrlayer)

(c:/texlive/2025/texmf-dist/tex/latex/koma-script/scrlayer.sty
Package: scrlayer 2025/12/01 v3.49 KOMA-Script package (defining layers and pag
e styles)
Package scrlayer Info: patching LaTeX kernel macro \pagestyle on input line 217
9.
)
Package scrlayer-scrpage Info: Makeing stand-alone element `pagehead' from
(scrlayer-scrpage)             alias to `pageheadfoot' on input line 1106.
)
(c:/texlive/2025/texmf-dist/tex/latex/base/fontenc.sty
Package: fontenc 2025/07/18 v2.1d Standard LaTeX package
)
(c:/texlive/2025/texmf-dist/tex/latex/base/inputenc.sty
Package: inputenc 2024/02/08 v1.3d Input encoding file
\inpenc@prehook=\toks18
\inpenc@posthook=\toks19
)
(c:/texlive/2025/texmf-dist/tex/generic/babel/babel.sty
Package: babel 2025/12/30 v25.18 The multilingual framework for LuaLaTeX, pdfLa
TeX and XeLaTeX
\babel@savecnt=\count285
LaTeX Encoding Info:    Redeclaring text command \ij (encoding OT1) on input li
ne 2068.
LaTeX Encoding Info:    Redeclaring text command \IJ (encoding OT1) on input li
ne 2070.
LaTeX Encoding Info:    Redeclaring text command \ij (encoding T1) on input lin
e 2072.
LaTeX Encoding Info:    Redeclaring text command \IJ (encoding T1) on input lin
e 2073.
LaTeX Encoding Info:    Ignoring declaration for text command \ij (encoding ?) 
on input line 2074.
LaTeX Encoding Info:    Ignoring declaration for text command \IJ (encoding ?) 
on input line 2076.
LaTeX Encoding Info:    Ignoring declaration for text command \SS (encoding ?) 
on input line 2101.
\U@D=\dimen149
\l@unhyphenated=\language90

(c:/texlive/2025/texmf-dist/tex/generic/babel/txtbabel.def)
\bbl@readstream=\read2
\bbl@dirlevel=\count286

(c:/texlive/2025/texmf-dist/tex/generic/babel/locale/en/babel-english.tex)
(c:/texlive/2025/texmf-dist/tex/generic/babel/locale/invalid/babel-ngerman.tex)
Package babel Info: Importing font and identification data for english
(babel)             from babel-en.ini. Reported on input line 4321.
(c:/texlive/2025/texmf-dist/tex/generic/babel-english/english.ldf
Language: english 2017/06/06 v3.3r English support from the babel system
Package babel Info: Hyphen rules for 'canadian' set to \l@english
(babel)             (\language0). Reported on input line 102.
Package babel Info: Hyphen rules for 'australian' set to \l@ukenglish
(babel)             (\language22). Reported on input line 105.
Package babel Info: Hyphen rules for 'newzealand' set to \l@ukenglish
(babel)             (\language22). Reported on input line 108.
)
Package babel Info: Importing font and identification data for ngerman
(babel)             from babel-de.ini. Reported on input line 4321.

(c:/texlive/2025/texmf-dist/tex/generic/babel-german/ngerman.ldf
Language: ngerman 2024/12/10 v2.15 German support for babel (post-1996 orthogra
phy)

(c:/texlive/2025/texmf-dist/tex/generic/babel-german/ngermanb.ldf
Language: ngermanb 2024/12/10 v2.15 German support for babel (post-1996 orthogr
aphy)
Package babel Info: Making " an active character on input line 122.
)))
(c:/texlive/2025/texmf-dist/tex/latex/microtype/microtype.sty
Package: microtype 2025/07/09 v3.2b Micro-typographical refinements (RS)

(c:/texlive/2025/texmf-dist/tex/latex/etoolbox/etoolbox.sty
Package: etoolbox 2025/10/02 v2.5m e-TeX tools for LaTeX (JAW)
\etb@tempcnta=\count287
)
\MT@toks=\toks20
\MT@tempbox=\box55
\MT@count=\count288
LaTeX Info: Redefining \noprotrusionifhmode on input line 1087.
LaTeX Info: Redefining \leftprotrusion on input line 1088.
\MT@prot@toks=\toks21
LaTeX Info: Redefining \rightprotrusion on input line 1107.
LaTeX Info: Redefining \textls on input line 1449.
\MT@outer@kern=\dimen150
LaTeX Info: Redefining \microtypecontext on input line 2053.
LaTeX Info: Redefining \textmicrotypecontext on input line 2070.
\MT@listname@count=\count289

(c:/texlive/2025/texmf-dist/tex/latex/microtype/microtype-pdftex.def
File: microtype-pdftex.def 2025/07/09 v3.2b Definitions specific to pdftex (RS)

LaTeX Info: Redefining \lsstyle on input line 944.
LaTeX Info: Redefining \lslig on input line 944.
\MT@outer@space=\skip66
)
Package microtype Info: Loading configuration file microtype.cfg.

(c:/texlive/2025/texmf-dist/tex/latex/microtype/microtype.cfg
File: microtype.cfg 2025/07/09 v3.2b microtype main configuration file (RS)
)
LaTeX Info: Redefining \microtypesetup on input line 3065.
)
(c:/texlive/2025/texmf-dist/tex/latex/scrhack/scrhack.sty
Package: scrhack 2024-09-04 v3.42 scrhack emulation package
)
(c:/texlive/2025/texmf-dist/tex/latex/url/url.sty
\Urlmuskip=\muskip17
Package: url 2013/09/16  ver 3.4  Verb mode for urls, etc.
)
(c:/texlive/2025/texmf-dist/tex/latex/geometry/geometry.sty
Package: geometry 2020/01/02 v5.9 Page Geometry

(c:/texlive/2025/texmf-dist/tex/generic/iftex/ifvtex.sty
Package: ifvtex 2019/10/25 v1.7 ifvtex legacy package. Use iftex instead.

(c:/texlive/2025/texmf-dist/tex/generic/iftex/iftex.sty
Package: iftex 2024/12/12 v1.0g TeX engine tests
))
\Gm@cnth=\count290
\Gm@cntv=\count291
\c@Gm@tempcnt=\count292
\Gm@bindingoffset=\dimen151
\Gm@wd@mp=\dimen152
\Gm@odd@mp=\dimen153
\Gm@even@mp=\dimen154
\Gm@layoutwidth=\dimen155
\Gm@layoutheight=\dimen156
\Gm@layouthoffset=\dimen157
\Gm@layoutvoffset=\dimen158
\Gm@dimlist=\toks22
)
(c:/texlive/2025/texmf-dist/tex/generic/ulem/ulem.sty
\UL@box=\box56
\UL@hyphenbox=\box57
\UL@skip=\skip67
\UL@hook=\toks23
\UL@height=\dimen159
\UL@pe=\count293
\UL@pixel=\dimen160
\ULC@box=\box58
Package: ulem 2019/11/18
\ULdepth=\dimen161
)
(c:/texlive/2025/texmf-dist/tex/latex/roboto/roboto.sty
Package: roboto 2022/09/10 (Bob Tennent) Supports Roboto fonts for all LaTeX en
gines.

(c:/texlive/2025/texmf-dist/tex/generic/iftex/ifxetex.sty
Package: ifxetex 2019/10/25 v0.7 ifxetex legacy package. Use iftex instead.
)
(c:/texlive/2025/texmf-dist/tex/generic/iftex/ifluatex.sty
Package: ifluatex 2019/10/25 v1.5 ifluatex legacy package. Use iftex instead.
)
(c:/texlive/2025/texmf-dist/tex/latex/xkeyval/xkeyval.sty
Package: xkeyval 2025/11/04 v2.10 package option processing (HA)

(c:/texlive/2025/texmf-dist/tex/generic/xkeyval/xkeyval.tex
(c:/texlive/2025/texmf-dist/tex/generic/xkeyval/xkvutils.tex
\XKV@toks=\toks24
\XKV@tempa@toks=\toks25
\XKV@tempb@toks=\toks26
)
\XKV@depth=\count294
File: xkeyval.tex 2014/12/03 v2.7a key=value parser (HA)
))
(c:/texlive/2025/texmf-dist/tex/latex/base/textcomp.sty
Package: textcomp 2024/04/24 v2.1b Standard LaTeX package
)
(c:/texlive/2025/texmf-dist/tex/latex/base/fontenc.sty
Package: fontenc 2025/07/18 v2.1d Standard LaTeX package
)
(c:/texlive/2025/texmf-dist/tex/latex/fontaxes/fontaxes.sty
Package: fontaxes 2026-01-02 v2.0.2 Font selection axes (deprecated)
Applying: [2024-11-01] Use figureversions if present on input line 74.

(c:/texlive/2025/texmf-dist/tex/latex/figureversions/figureversions.sty
Package: figureversions 2025-04-29 v1.0.1 Figure versions
)
Already applied: [0000-00-00] Fall back to v1 on input line 76.
))
(c:/texlive/2025/texmf-dist/tex/latex/placeins/placeins.sty
Package: placeins 2005/04/18  v 2.2
)
(c:/texlive/2025/texmf-dist/tex/latex/xcolor/xcolor.sty
Package: xcolor 2024/09/29 v3.02 LaTeX color extensions (UK)

(c:/texlive/2025/texmf-dist/tex/latex/graphics-cfg/color.cfg
File: color.cfg 2016/01/02 v1.6 sample color configuration
)
Package xcolor Info: Driver file: pdftex.def on input line 274.

(c:/texlive/2025/texmf-dist/tex/latex/graphics-def/pdftex.def
File: pdftex.def 2025/09/29 v1.2d Graphics/color driver for pdftex
)
(c:/texlive/2025/texmf-dist/tex/latex/graphics/mathcolor.ltx)
Package xcolor Info: Model `cmy' substituted by `cmy0' on input line 1349.
Package xcolor Info: Model `hsb' substituted by `rgb' on input line 1353.
Package xcolor Info: Model `RGB' extended on input line 1365.
Package xcolor Info: Model `HTML' substituted by `rgb' on input line 1367.
Package xcolor Info: Model `Hsb' substituted by `hsb' on input line 1368.
Package xcolor Info: Model `tHsb' substituted by `hsb' on input line 1369.
Package xcolor Info: Model `HSB' substituted by `hsb' on input line 1370.
Package xcolor Info: Model `Gray' substituted by `gray' on input line 1371.
Package xcolor Info: Model `wave' substituted by `hsb' on input line 1372.
)
(c:/texlive/2025/texmf-dist/tex/latex/xcolor/svgnam.def
File: svgnam.def 2024/09/29 v3.02 Predefined colors according to SVG 1.1 (UK)
)
(c:/texlive/2025/texmf-dist/tex/latex/xcolor/x11nam.def
File: x11nam.def 2024/09/29 v3.02 Predefined colors according to Unix/X11 (UK)
)
(c:/texlive/2025/texmf-dist/tex/latex/graphics/graphicx.sty
Package: graphicx 2024/12/31 v1.2e Enhanced LaTeX Graphics (DPC,SPQR)

(c:/texlive/2025/texmf-dist/tex/latex/graphics/graphics.sty
Package: graphics 2024/08/06 v1.4g Standard LaTeX Graphics (DPC,SPQR)

(c:/texlive/2025/texmf-dist/tex/latex/graphics/trig.sty
Package: trig 2023/12/02 v1.11 sin cos tan (DPC)
)
(c:/texlive/2025/texmf-dist/tex/latex/graphics-cfg/graphics.cfg
File: graphics.cfg 2016/06/04 v1.11 sample graphics configuration
)
Package graphics Info: Driver file: pdftex.def on input line 106.
)
\Gin@req@height=\dimen162
\Gin@req@width=\dimen163
)
(c:/texlive/2025/texmf-dist/tex/latex/fancybox/fancybox.sty
Package: fancybox 2010/05/15 1.4

Style option: `fancybox' v1.4 <2010/05/15> (tvz)
\@fancybox=\box59
\shadowsize=\dimen164
\@Sbox=\box60
\do@VerbBox=\toks27
\the@fancyput=\toks28
\this@fancyput=\toks29
\EndVerbatimTokens=\toks30
\Verbatim@Outfile=\write3
\Verbatim@Infile=\read3
) (c:/texlive/2025/texmf-dist/tex/latex/fancyref/fancyref.sty
Package: fancyref 1999/02/03 v0.9c Fancy cross-referencing

(c:/texlive/2025/texmf-dist/tex/latex/tools/varioref.sty
Package: varioref 2025/01/14 v1.6g package for extended references (FMi)
\c@vrcnt=\count295
))
(c:/texlive/2025/texmf-dist/tex/latex/caption/caption.sty
Package: caption 2023/08/05 v3.6o Customizing captions (AR)

Package tocbasic Info: Loading of class-dependent code for package caption3
(tocbasic)             prevented on line 50.


(c:/texlive/2025/texmf-dist/tex/latex/caption/caption3.sty
Package: caption3 2023/07/31 v2.4d caption3 kernel (AR)
\caption@tempdima=\dimen165
\captionmargin=\dimen166
\caption@leftmargin=\dimen167
\caption@rightmargin=\dimen168
\caption@width=\dimen169
\caption@indent=\dimen170
\caption@parindent=\dimen171
\caption@hangindent=\dimen172
)
Package caption Info: Option `listfigurename' requires the `newfloat' package o
n input line 172.

(c:/texlive/2025/texmf-dist/tex/latex/newfloat/newfloat.sty
Package: newfloat 2023/10/01 v1.2 Defining new floating environments (AR)
)
\c@caption@flags=\count296
\c@continuedfloat=\count297
)
(c:/texlive/2025/texmf-dist/tex/latex/tools/array.sty
Package: array 2025/09/25 v2.6n Tabular extension package (FMi)
\col@sep=\dimen173
\ar@mcellbox=\box61
\extrarowheight=\dimen174
\NC@list=\toks31
\extratabsurround=\skip68
\backup@length=\skip69
\ar@cellbox=\box62
)
(c:/texlive/2025/texmf-dist/tex/latex/diagbox/diagbox.sty
Package: diagbox 2020/02/09 v2.3 Making table heads with diagonal lines

(c:/texlive/2025/texmf-dist/tex/latex/pict2e/pict2e.sty
Package: pict2e 2020/09/30 v0.4b Improved picture commands (HjG,RN,JT)

(c:/texlive/2025/texmf-dist/tex/latex/pict2e/pict2e.cfg
File: pict2e.cfg 2016/02/05 v0.1u pict2e configuration for teTeX/TeXLive
)
Package pict2e Info: Driver file: pdftex.def on input line 112.
Package pict2e Info: Driver file for pict2e: p2e-pdftex.def on input line 114.

(c:/texlive/2025/texmf-dist/tex/latex/pict2e/p2e-pdftex.def
File: p2e-pdftex.def 2016/02/05 v0.1u Driver-dependant file (RN,HjG,JT)
)
\pIIe@GRAPH=\toks32
\@arclen=\dimen175
\@arcrad=\dimen176
\pIIe@tempdima=\dimen177
\pIIe@tempdimb=\dimen178
\pIIe@tempdimc=\dimen179
\pIIe@tempdimd=\dimen180
\pIIe@tempdime=\dimen181
\pIIe@tempdimf=\dimen182
)
(c:/texlive/2025/texmf-dist/tex/latex/tools/calc.sty
Package: calc 2025/03/01 v4.3b Infix arithmetic (KKT,FJ)
\calc@Acount=\count298
\calc@Bcount=\count299
\calc@Adimen=\dimen183
\calc@Bdimen=\dimen184
\calc@Askip=\skip70
\calc@Bskip=\skip71
LaTeX Info: Redefining \setlength on input line 86.
LaTeX Info: Redefining \addtolength on input line 87.
\calc@Ccount=\count300
\calc@Cskip=\skip72
)
\diagbox@boxa=\box63
\diagbox@boxb=\box64
\diagbox@boxm=\box65
\diagbox@wd=\dimen185
\diagbox@ht=\dimen186
\diagbox@insepl=\dimen187
\diagbox@insepr=\dimen188
\diagbox@outsepl=\dimen189
\diagbox@outsepr=\dimen190
)
(c:/texlive/2025/texmf-dist/tex/latex/natbib/natbib.sty
Package: natbib 2010/09/13 8.31b (PWD, AO)
\bibhang=\skip73
\bibsep=\skip74
LaTeX Info: Redefining \cite on input line 694.
\c@NAT@ctr=\count301
)
(c:/texlive/2025/texmf-dist/tex/latex/listings/listings.sty
\lst@mode=\count302
\lst@gtempboxa=\box66
\lst@token=\toks33
\lst@length=\count303
\lst@currlwidth=\dimen191
\lst@column=\count304
\lst@pos=\count305
\lst@lostspace=\dimen192
\lst@width=\dimen193
\lst@newlines=\count306
\lst@lineno=\count307
\lst@maxwidth=\dimen194

(c:/texlive/2025/texmf-dist/tex/latex/listings/lstpatch.sty
File: lstpatch.sty 2025/11/14 1.11b (Carsten Heinz)
)
(c:/texlive/2025/texmf-dist/tex/latex/listings/lstmisc.sty
File: lstmisc.sty 2025/11/14 1.11b (Carsten Heinz)
\c@lstnumber=\count308
\lst@skipnumbers=\count309
\lst@framebox=\box67
)
(c:/texlive/2025/texmf-dist/tex/latex/listings/listings.cfg
File: listings.cfg 2025/11/14 1.11b listings configuration
))
Package: listings 2025/11/14 1.11b (Carsten Heinz)

==> First Aid for listings.sty no longer applied!
    Expected:
        2024/09/23 1.10c (Carsten Heinz)
    but found:
        2025/11/14 1.11b (Carsten Heinz)
    so I'm assuming it got fixed.

Package array Warning: Column w is already defined on input line 122.

(c:/texlive/2025/texmf-dist/tex/latex/amsmath/amsmath.sty
Package: amsmath 2025/07/09 v2.17z AMS math features
\@mathmargin=\skip75

For additional information on amsmath, use the `?' option.
(c:/texlive/2025/texmf-dist/tex/latex/amsmath/amstext.sty
Package: amstext 2024/11/17 v2.01 AMS text

(c:/texlive/2025/texmf-dist/tex/latex/amsmath/amsgen.sty
File: amsgen.sty 1999/11/30 v2.0 generic functions
\@emptytoks=\toks34
\ex@=\dimen195
))
(c:/texlive/2025/texmf-dist/tex/latex/amsmath/amsbsy.sty
Package: amsbsy 1999/11/29 v1.2d Bold Symbols
\pmbraise@=\dimen196
)
(c:/texlive/2025/texmf-dist/tex/latex/amsmath/amsopn.sty
Package: amsopn 2022/04/08 v2.04 operator names
)
\inf@bad=\count310
LaTeX Info: Redefining \frac on input line 233.
\uproot@=\count311
\leftroot@=\count312
LaTeX Info: Redefining \overline on input line 398.
LaTeX Info: Redefining \colon on input line 409.
\classnum@=\count313
\DOTSCASE@=\count314
LaTeX Info: Redefining \ldots on input line 495.
LaTeX Info: Redefining \dots on input line 498.
LaTeX Info: Redefining \cdots on input line 619.
\Mathstrutbox@=\box68
\strutbox@=\box69
LaTeX Info: Redefining \big on input line 721.
LaTeX Info: Redefining \Big on input line 722.
LaTeX Info: Redefining \bigg on input line 723.
LaTeX Info: Redefining \Bigg on input line 724.
\big@size=\dimen197
LaTeX Font Info:    Redeclaring font encoding OML on input line 742.
LaTeX Font Info:    Redeclaring font encoding OMS on input line 743.
\macc@depth=\count315
LaTeX Info: Redefining \bmod on input line 904.
LaTeX Info: Redefining \pmod on input line 909.
LaTeX Info: Redefining \smash on input line 939.
LaTeX Info: Redefining \relbar on input line 969.
LaTeX Info: Redefining \Relbar on input line 970.
\c@MaxMatrixCols=\count316
\dotsspace@=\muskip18
\c@parentequation=\count317
\dspbrk@lvl=\count318
\tag@help=\toks35
\row@=\count319
\column@=\count320
\maxfields@=\count321
\andhelp@=\toks36
\eqnshift@=\dimen198
\alignsep@=\dimen199
\tagshift@=\dimen256
\tagwidth@=\dimen257
\totwidth@=\dimen258
\lineht@=\dimen259
\@envbody=\toks37
\multlinegap=\skip76
\multlinetaggap=\skip77
\mathdisplay@stack=\toks38
LaTeX Info: Redefining \[ on input line 2950.
LaTeX Info: Redefining \] on input line 2951.
)
(c:/texlive/2025/texmf-dist/tex/latex/amsfonts/amssymb.sty
Package: amssymb 2013/01/14 v3.01 AMS font symbols

(c:/texlive/2025/texmf-dist/tex/latex/amsfonts/amsfonts.sty
Package: amsfonts 2013/01/14 v3.01 Basic AMSFonts support
\symAMSa=\mathgroup4
\symAMSb=\mathgroup5
LaTeX Font Info:    Redeclaring math symbol \hbar on input line 98.
LaTeX Font Info:    Overwriting math alphabet `\mathfrak' in version `bold'
(Font)                  U/euf/m/n --> U/euf/b/n on input line 106.
))
(c:/texlive/2025/texmf-dist/tex/latex/mathcomp/mathcomp.sty
Package: mathcomp 2001/01/07 v0.1f (TBo)
\symTC=\mathgroup6
LaTeX Font Info:    Overwriting symbol font `TC' in version `bold'
(Font)                  TS1/cmr/m/n --> TS1/cmr/bx/n on input line 25.
LaTeX Font Info:    Redeclaring math symbol \dagger on input line 47.
LaTeX Font Info:    Redeclaring math symbol \ddagger on input line 48.
)
(c:/texlive/2025/texmf-dist/tex/latex/hyperref/hyperref.sty
Package: hyperref 2025-07-12 v7.01o Hypertext links for LaTeX

(c:/texlive/2025/texmf-dist/tex/latex/kvsetkeys/kvsetkeys.sty
Package: kvsetkeys 2022-10-05 v1.19 Key value parser (HO)
)
(c:/texlive/2025/texmf-dist/tex/generic/kvdefinekeys/kvdefinekeys.sty
Package: kvdefinekeys 2019-12-19 v1.6 Define keys (HO)
)
(c:/texlive/2025/texmf-dist/tex/generic/pdfescape/pdfescape.sty
Package: pdfescape 2019/12/09 v1.15 Implements pdfTeX's escape features (HO)

(c:/texlive/2025/texmf-dist/tex/generic/ltxcmds/ltxcmds.sty
Package: ltxcmds 2023-12-04 v1.26 LaTeX kernel commands for general use (HO)
)
(c:/texlive/2025/texmf-dist/tex/generic/pdftexcmds/pdftexcmds.sty
Package: pdftexcmds 2020-06-27 v0.33 Utility functions of pdfTeX for LuaTeX (HO
)

(c:/texlive/2025/texmf-dist/tex/generic/infwarerr/infwarerr.sty
Package: infwarerr 2019/12/03 v1.5 Providing info/warning/error messages (HO)
)
Package pdftexcmds Info: \pdf@primitive is available.
Package pdftexcmds Info: \pdf@ifprimitive is available.
Package pdftexcmds Info: \pdfdraftmode found.
))
(c:/texlive/2025/texmf-dist/tex/latex/hycolor/hycolor.sty
Package: hycolor 2020-01-27 v1.10 Color options for hyperref/bookmark (HO)
)
(c:/texlive/2025/texmf-dist/tex/latex/hyperref/nameref.sty
Package: nameref 2025-06-21 v2.57 Cross-referencing by name of section

(c:/texlive/2025/texmf-dist/tex/latex/refcount/refcount.sty
Package: refcount 2019/12/15 v3.6 Data extraction from label references (HO)
)
(c:/texlive/2025/texmf-dist/tex/generic/gettitlestring/gettitlestring.sty
Package: gettitlestring 2019/12/15 v1.6 Cleanup title references (HO)

(c:/texlive/2025/texmf-dist/tex/latex/kvoptions/kvoptions.sty
Package: kvoptions 2022-06-15 v3.15 Key value format for package options (HO)
))
\c@section@level=\count322
)
(c:/texlive/2025/texmf-dist/tex/generic/stringenc/stringenc.sty
Package: stringenc 2019/11/29 v1.12 Convert strings between diff. encodings (HO
)
)
\@linkdim=\dimen260
\Hy@linkcounter=\count323
\Hy@pagecounter=\count324

(c:/texlive/2025/texmf-dist/tex/latex/hyperref/pd1enc.def
File: pd1enc.def 2025-07-12 v7.01o Hyperref: PDFDocEncoding definition (HO)
Now handling font encoding PD1 ...
... no UTF-8 mapping file for font encoding PD1
)
(c:/texlive/2025/texmf-dist/tex/generic/intcalc/intcalc.sty
Package: intcalc 2019/12/15 v1.3 Expandable calculations with integers (HO)
)
\Hy@SavedSpaceFactor=\count325

(c:/texlive/2025/texmf-dist/tex/latex/hyperref/puenc.def
File: puenc.def 2025-07-12 v7.01o Hyperref: PDF Unicode definition (HO)
Now handling font encoding PU ...
... no UTF-8 mapping file for font encoding PU
)
Package hyperref Info: Option `draft' set `false' on input line 4066.
Package hyperref Info: Option `plainpages' set `true' on input line 4066.
Package hyperref Info: Option `bookmarksopen' set `true' on input line 4066.
Package hyperref Info: Option `pdfusetitle' set `true' on input line 4066.
Package hyperref Info: Hyper figures OFF on input line 4195.
Package hyperref Info: Link nesting OFF on input line 4200.
Package hyperref Info: Hyper index ON on input line 4203.
Package hyperref Info: Plain pages ON on input line 4208.
Package hyperref Info: Backreferencing OFF on input line 4215.
Package hyperref Info: Implicit mode ON; LaTeX internals redefined.
Package hyperref Info: Bookmarks ON on input line 4462.
\c@Hy@tempcnt=\count326
LaTeX Info: Redefining \url on input line 4801.
\XeTeXLinkMargin=\dimen261

(c:/texlive/2025/texmf-dist/tex/generic/bitset/bitset.sty
Package: bitset 2019/12/09 v1.3 Handle bit-vector datatype (HO)

(c:/texlive/2025/texmf-dist/tex/generic/bigintcalc/bigintcalc.sty
Package: bigintcalc 2019/12/15 v1.5 Expandable calculations on big integers (HO
)
))
\Fld@menulength=\count327
\Field@Width=\dimen262
\Fld@charsize=\dimen263
Package hyperref Info: Hyper figures OFF on input line 6078.
Package hyperref Info: Link nesting OFF on input line 6083.
Package hyperref Info: Hyper index ON on input line 6086.
Package hyperref Info: backreferencing OFF on input line 6093.
Package hyperref Info: Link coloring OFF on input line 6098.
Package hyperref Info: Link coloring with OCG OFF on input line 6103.
Package hyperref Info: PDF/A mode OFF on input line 6108.
\Hy@abspage=\count328
\c@Item=\count329
\c@Hfootnote=\count330
)
Package hyperref Info: Driver: hpdftex.

(c:/texlive/2025/texmf-dist/tex/latex/hyperref/hpdftex.def
File: hpdftex.def 2025-07-12 v7.01o Hyperref driver for pdfTeX
\Fld@listcount=\count331
\c@bookmark@seq@number=\count332

(c:/texlive/2025/texmf-dist/tex/latex/rerunfilecheck/rerunfilecheck.sty
Package: rerunfilecheck 2025-06-21 v1.11 Rerun checks for auxiliary files (HO)

(c:/texlive/2025/texmf-dist/tex/generic/uniquecounter/uniquecounter.sty
Package: uniquecounter 2019/12/15 v1.4 Provide unlimited unique counter (HO)
)
Package uniquecounter Info: New unique counter `rerunfilecheck' on input line 2
84.
)
\Hy@SectionHShift=\skip78
)
Package hyperref Info: Option `plainpages' set `false' on input line 154.
Package hyperref Info: Option `hypertexnames' set `false' on input line 154.

(c:/texlive/2025/texmf-dist/tex/latex/glossaries-extra/glossaries-extra.sty
Package: glossaries-extra 2025/11/03 v1.9 (NLCT)

(c:/texlive/2025/texmf-dist/tex/latex/glossaries/base/glossaries.sty
Package: glossaries 2025/11/09 v4.9 (NLCT)

(c:/texlive/2025/texmf-dist/tex/latex/base/ifthen.sty
Package: ifthen 2024/03/16 v1.1e Standard LaTeX ifthen package (DPC)
)
(c:/texlive/2025/texmf-dist/tex/latex/mfirstuc/mfirstuc.sty
Package: mfirstuc 2025/04/03 v2.09 (NLCT)
\@glsmfirst=\toks39
\@glsmrest=\toks40
)
(c:/texlive/2025/texmf-dist/tex/latex/xfor/xfor.sty
Package: xfor 2009/02/05 v1.05 (NLCT)
)
(c:/texlive/2025/texmf-dist/tex/latex/tracklang/tracklang.sty
Package: tracklang 2025/03/11 v1.6.6 (NLCT) Track Languages

(c:/texlive/2025/texmf-dist/tex/generic/tracklang/tracklang.tex)
Package tracklang Info: Tracking dialect `english' (language `english') on inpu
t line 264.
Package tracklang Info: Tracking dialect `ngerman' (language `german') on input
 line 264.
Package tracklang Info: Tracking dialect `ngerman' (language `german') on input
 line 264.
Package tracklang Info: Tracking dialect `english' (language `english') on inpu
t line 264.
)
(c:/texlive/2025/texmf-dist/tex/latex/glossaries-english/glossaries-english.ldf
File: glossaries-english.ldf 2014/11/23 v1.0
) (c:/texlive/2025/texmf-dist/tex/latex/glossaries-german/glossaries-german.ldf
File: glossaries-german.ldf 2014/11/23 v1.0
) (c:/texlive/2025/texmf-dist/tex/latex/datatool/datatool-base.sty
Package: datatool-base 2025/12/04 v3.4.3 (NLCT)
\l__datatool_tmpa_int=\count333
\l__datatool_tmpb_int=\count334
\l__datatool_tmpc_int=\count335
\l__datatool_tmpd_int=\count336
\l__datatool_count_int=\count337
\l__datatool_tmp_datatype_int=\count338
\l__datatool_tmpa_dim=\dimen264
\l__datatool_tmpb_dim=\dimen265

(c:/texlive/2025/texmf-dist/tex/latex/datatool/datatool-l3fp.def
File: datatool-l3fp.def 2025/12/04 v3.4.3 (NLCT)
)
\@dtl@toks=\toks41
\@dtl@tmpcount=\count339
\dtl@tmplength=\skip79
\l__datatool_measure_box=\box70
\dtl@sortresult=\count340

(c:/texlive/2025/texmf-dist/tex/latex/datatool/datatool-utf8.ldf
File: datatool-utf8.ldf 2025/12/04 v3.4.3 (NLCT)
)
\@dtl@datatype=\count341
\c_datatool_unknown_int=\count342
\l__datatool_year_int=\count343
\l__datatool_month_int=\count344
\l__datatool_day_int=\count345
\l__datatool_hour_int=\count346
\l__datatool_minute_int=\count347
\l__datatool_second_int=\count348
\l__datatool_tzhour_int=\count349
\l__datatool_tzminute_int=\count350
\l__datatool_julian_int=\count351
\l__datatool_local_julian_int=\count352
\l__datatool_prefix_int=\count353
\l__datatool_suffix_int=\count354
\@dtl@foreach@level=\count355

(c:/texlive/2025/texmf-dist/tex/latex/datatool-english/datatool-english.ldf
File: datatool-english.ldf 2025/03/12 v1.1 (NLCT)

(c:/texlive/2025/texmf-dist/tex/latex/datatool-english/datatool-english-utf8.ld
f
File: datatool-english-utf8.ldf 2025/03/12 v1.1 (NLCT)
))

Package tracklang Warning: No `datatool' support for dialect `ngerman'  on inpu
t line 9924.

\dtl@codeA=\count356
\dtl@codeB=\count357
)
\gls@level=\count358
\@gls@tmpb=\toks42
\gls@tmplen=\skip80
\l__glossaries_tmpa_dim=\dimen266
\l__glossaries_tmpb_dim=\dimen267
\glskeylisttok=\toks43
\glslabeltok=\toks44
\glsshorttok=\toks45
\glslongtok=\toks46
 (c:/texlive/2025/texmf-dist/tex/latex/glossaries/styles/glossary-hypernav.sty
Package: glossary-hypernav 2025/11/09 v4.9 (NLCT)
) (c:/texlive/2025/texmf-dist/tex/latex/glossaries/styles/glossary-list.sty
Package: glossary-list 2025/11/09 v4.9 (NLCT)
\glslistdottedwidth=\skip81
)
(c:/texlive/2025/texmf-dist/tex/latex/glossaries/styles/glossary-long.sty
Package: glossary-long 2025/11/09 v4.9 (NLCT)

(c:/texlive/2025/texmf-dist/tex/latex/tools/longtable.sty
Package: longtable 2025-10-13 v4.24 Multi-page Table package (DPC)
\LTleft=\skip82
\LTright=\skip83
\LTpre=\skip84
\LTpost=\skip85
\LTchunksize=\count359
\LTcapwidth=\dimen268
\LT@head=\box71
\LT@firsthead=\box72
\LT@foot=\box73
\LT@lastfoot=\box74
\LT@gbox=\box75
\LT@cols=\count360
\LT@rows=\count361
\c@LT@tables=\count362
\c@LT@chunks=\count363
\LT@p@ftn=\toks47
)
Class scrbook Info: longtable captions redefined on input line 47.
\glsdescwidth=\skip86
\glspagelistwidth=\skip87
)
(c:/texlive/2025/texmf-dist/tex/latex/glossaries/styles/glossary-super.sty
Package: glossary-super 2025/11/09 v4.9 (NLCT)

(c:/texlive/2025/texmf-dist/tex/latex/supertabular/supertabular.sty
Package: supertabular 2025/06/26 v4.2d the supertabular environment
\c@tracingst=\count364
\ST@wd=\dimen269
\ST@rightskip=\skip88
\ST@leftskip=\skip89
\ST@parfillskip=\skip90
\ST@pageleft=\dimen270
\ST@headht=\dimen271
\ST@tailht=\dimen272
\ST@pagesofar=\dimen273
\ST@pboxht=\dimen274
\ST@rowht=\dimen275
\ST@prevht=\dimen276
\ST@toadd=\dimen277
\ST@dimen=\dimen278
\ST@pbox=\box76
))
(c:/texlive/2025/texmf-dist/tex/latex/glossaries/styles/glossary-tree.sty
Package: glossary-tree 2025/11/09 v4.9 (NLCT)
\l__glossaries_tree_max_known_level_int=\count365
\l__glossaries_tree_offset_dim=\dimen279
\l__glossaries_tree_namewidth_dim=\dimen280
\l__glossaries_tree_symbolwidth_dim=\dimen281
\l__glossaries_tree_prenamesym_width_dim=\dimen282
\l__glossaries_tree_presubnamesym_width_dim=\dimen283
\l__glossaries_tree_namewidth_padding_dim=\dimen284
\l__glossaries_tree_symbolwidth_padding_dim=\dimen285
\l__glossaries_tree_namesymbolwidth_dim=\dimen286
\l__glossaries_tree_namesymbolwidth_padding_dim=\dimen287
\l__glossaries_tree_level_int=\count366
\glstreeindent=\skip91
))
\@glsxtr@leveloffset=\count367
\glsxtrresourcecount=\count368
\@glsxtrnewgls@inner=\count369
\glsshortpltok=\toks48
\glslongpltok=\toks49

(c:/texlive/2025/texmf-dist/tex/latex/glossaries-extra/glossaries-extra-abbrsty
les.def
File: glossaries-extra-abbrstyles.def 2025/11/03 v1.9 (NLCT)
)
\mglselementindex=\count370
) (c:/texlive/2025/texmf-dist/tex/latex/was/upgreek.sty
Package: upgreek 2003/02/12 v2.0 (WaS)
Package upgreek Info: Using Euler Roman for upright Greek on input line 31.
\symugrf@m=\mathgroup7
LaTeX Font Info:    Overwriting symbol font `ugrf@m' in version `bold'
(Font)                  U/eur/m/n --> U/eur/b/n on input line 38.
)
(c:/texlive/2025/texmf-dist/tex/latex/tools/tabularx.sty
Package: tabularx 2023/12/11 v2.12a `tabularx' package (DPC)
\TX@col@width=\dimen288
\TX@old@table=\dimen289
\TX@old@col=\dimen290
\TX@target=\dimen291
\TX@delta=\dimen292
\TX@cols=\count371
\TX@ftn=\toks50
)
(c:/texlive/2025/texmf-dist/tex/latex/booktabs/booktabs.sty
Package: booktabs 2020/01/12 v1.61803398 Publication quality tables
\heavyrulewidth=\dimen293
\lightrulewidth=\dimen294
\cmidrulewidth=\dimen295
\belowrulesep=\dimen296
\belowbottomsep=\dimen297
\aboverulesep=\dimen298
\abovetopsep=\dimen299
\cmidrulesep=\dimen300
\cmidrulekern=\dimen301
\defaultaddspace=\dimen302
\@cmidla=\count372
\@cmidlb=\count373
\@aboverulesep=\dimen303
\@belowrulesep=\dimen304
\@thisruleclass=\count374
\@lastruleclass=\count375
\@thisrulewidth=\dimen305
)
(c:/texlive/2025/texmf-dist/tex/latex/csquotes/csquotes.sty
Package: csquotes 2024-04-04 v5.2o context-sensitive quotations (JAW)
\csq@reset=\count376
\csq@gtype=\count377
\csq@glevel=\count378
\csq@qlevel=\count379
\csq@maxlvl=\count380
\csq@tshold=\count381
\csq@ltx@everypar=\toks51

(c:/texlive/2025/texmf-dist/tex/latex/csquotes/csquotes.def
File: csquotes.def 2024-04-04 v5.2o csquotes generic definitions (JAW)
)
Package csquotes Info: Trying to load configuration file 'csquotes.cfg'...
Package csquotes Info: ... configuration file loaded successfully.

(c:/texlive/2025/texmf-dist/tex/latex/csquotes/csquotes.cfg
File: csquotes.cfg 
))
(c:/texlive/2025/texmf-dist/tex/latex/psnfss/helvet.sty
Package: helvet 2020/03/25 PSNFSS-v9.3 (WaS) 
)
(c:/texlive/2025/texmf-dist/tex/latex/psnfss/mathpazo.sty
Package: mathpazo 2020/03/25 PSNFSS-v9.3 Palatino w/ Pazo Math (D.Puga, WaS) 
\symupright=\mathgroup8
)
(c:/texlive/2025/texmf-dist/tex/latex/siunitx/siunitx.sty
Package: siunitx 2025-07-09 v3.4.14 A comprehensive (SI) units package
\l__siunitx_number_uncert_offset_int=\count382
\l__siunitx_number_exponent_fixed_int=\count383
\l__siunitx_number_min_decimal_int=\count384
\l__siunitx_number_min_integer_int=\count385
\l__siunitx_number_round_precision_int=\count386
\l__siunitx_number_lower_threshold_int=\count387
\l__siunitx_number_upper_threshold_int=\count388
\l__siunitx_number_group_first_int=\count389
\l__siunitx_number_group_size_int=\count390
\l__siunitx_number_group_minimum_int=\count391
\l__siunitx_angle_tmp_dim=\dimen306
\l__siunitx_angle_marker_box=\box77
\l__siunitx_angle_unit_box=\box78
\l__siunitx_compound_count_int=\count392

(c:/texlive/2025/texmf-dist/tex/latex/translations/translations.sty
Package: translations 2022/02/05 v1.12 internationalization of LaTeX2e packages
 (CN)
)
\l__siunitx_table_tmp_box=\box79
\l__siunitx_table_tmp_dim=\dimen307
\l__siunitx_table_column_width_dim=\dimen308
\l__siunitx_table_integer_box=\box80
\l__siunitx_table_decimal_box=\box81
\l__siunitx_table_uncert_box=\box82
\l__siunitx_table_before_box=\box83
\l__siunitx_table_after_box=\box84
\l__siunitx_table_before_dim=\dimen309
\l__siunitx_table_carry_dim=\dimen310
\l__siunitx_unit_tmp_int=\count393
\l__siunitx_unit_position_int=\count394
\l__siunitx_unit_total_int=\count395
)
(c:/texlive/2025/texmf-dist/tex/latex/caption/subcaption.sty
Package: subcaption 2023/07/28 v1.6b Sub-captions (AR)
Package caption Info: New subtype `subfigure' on input line 238.
\c@subfigure=\count396
Package caption Info: New subtype `subtable' on input line 238.
\c@subtable=\count397
)
(c:/texlive/2025/texmf-dist/tex/latex/enumitem/enumitem.sty
Package: enumitem 2025/02/06 v3.11 Customized lists
\labelindent=\skip92
\enit@outerparindent=\dimen311
\enit@toks=\toks52
\enit@inbox=\box85
\enit@count@id=\count398
\enitdp@description=\count399
)
(c:/texlive/2025/texmf-dist/tex/latex/romannum/romannum.sty
Package: romannum 2009/09/03 v1.0b roman numerals

(c:/texlive/2025/texmf-dist/tex/latex/stdclsdv/stdclsdv.sty
Package: stdclsdv 2009/09/04 v1.1a Sectional divisions
)))
(./setup/listofequations.tex
Package tocbasic Info: setting babel extension for `equation' on input line 4.
\scr@dte@equation@maxnumwidth=\skip93
) (./setup/macros.tex) (./setup/custom_packages.tex)
Class scrbook Info: loading recommended package `bookmark'.
(scrbook)           Using `bookmark' together with `hyperref' is recommended,
(scrbook)           because of handling of possible bookmark level gaps.
(scrbook)           You can avoid loading `bookmark' with KOMA-Script option
(scrbook)           `bookmarkpackage=false' before \begin{document} and
(scrbook)           you can avoid this message adding:
(scrbook)             \usepackage{bookmark}
(scrbook)           before \begin{document} on input line 32.
 (c:/texlive/2025/texmf-dist/tex/latex/bookmark/bookmark.sty
Package: bookmark 2023-12-10 v1.31 PDF bookmarks (HO)

(c:/texlive/2025/texmf-dist/tex/latex/bookmark/bkm-pdftex.def
File: bkm-pdftex.def 2023-12-10 v1.31 bookmark driver for pdfTeX and luaTeX (HO
)
\BKM@id=\count400
))
Package csquotes Info: Checking for multilingual support...
Package csquotes Info: ... found 'babel' package.
Package csquotes Info: Adjusting default style.
Package csquotes Info: Redefining alias 'default' -> 'ngerman'.
LaTeX Font Info:    Trying to load font information for T1+Roboto-LF on input l
ine 32.

(c:/texlive/2025/texmf-dist/tex/latex/roboto/T1Roboto-LF.fd
File: T1Roboto-LF.fd 2019/12/11 (autoinst) Font definitions for T1/Roboto-LF.
)
LaTeX Font Info:    Font shape `T1/Roboto-LF/m/n' aliased to
(Font)              `T1/Roboto-LF/regular/n' on input line 32.
LaTeX Font Info:    Font shape `T1/Roboto-LF/regular/n' will be
(Font)              scaled to size 10.0pt on input line 32.

(c:/texlive/2025/texmf-dist/tex/latex/l3backend/l3backend-pdftex.def
File: l3backend-pdftex.def 2025-10-09 L3 backend support: PDF output (pdfTeX)
\l__color_backend_stack_int=\count401
)
(out/bthesis_wbischoff_2228538.aux
Package babel Info: 'ngerman' activates 'ngerman' shorthands.
(babel)             Reported on input line 14.


LaTeX Warning: Label `fig:strip_mining' multiply defined.


LaTeX Warning: Label `fig:Matrix-Extension-Optionen' multiply defined.


LaTeX Warning: Label `sec:neorv32-extending-LSU' multiply defined.

)
\openout1 = `bthesis_wbischoff_2228538.aux'.

LaTeX Font Info:    Checking defaults for OML/cmm/m/it on input line 32.
LaTeX Font Info:    ... okay on input line 32.
LaTeX Font Info:    Checking defaults for OMS/cmsy/m/n on input line 32.
LaTeX Font Info:    ... okay on input line 32.
LaTeX Font Info:    Checking defaults for OT1/cmr/m/n on input line 32.
LaTeX Font Info:    ... okay on input line 32.
LaTeX Font Info:    Checking defaults for T1/cmr/m/n on input line 32.
LaTeX Font Info:    ... okay on input line 32.
LaTeX Font Info:    Checking defaults for TS1/cmr/m/n on input line 32.
LaTeX Font Info:    ... okay on input line 32.
LaTeX Font Info:    Checking defaults for OMX/cmex/m/n on input line 32.
LaTeX Font Info:    ... okay on input line 32.
LaTeX Font Info:    Checking defaults for U/cmr/m/n on input line 32.
LaTeX Font Info:    ... okay on input line 32.
LaTeX Font Info:    Checking defaults for PD1/pdf/m/n on input line 32.
LaTeX Font Info:    ... okay on input line 32.
LaTeX Font Info:    Checking defaults for PU/pdf/m/n on input line 32.
LaTeX Font Info:    ... okay on input line 32.
Package scrbase Info: activating english \partname on input line 32.
Package scrbase Info: activating english \chaptername on input line 32.
Package scrbase Info: activating english \appendixname on input line 32.
Package scrbase Info: activating english \figurename on input line 32.
Package scrbase Info: activating english \tablename on input line 32.
Package scrbase Info: activating english \contentsname on input line 32.
Package scrbase Info: activating english \listfigurename on input line 32.
Package scrbase Info: activating english \listtablename on input line 32.
Package scrbase Info: activating english \bibname on input line 32.
Package scrbase Info: activating english \indexname on input line 32.
LaTeX Info: Redefining \microtypecontext on input line 32.
Package microtype Info: Applying patch `item' on input line 32.
Package microtype Info: Applying patch `toc' on input line 32.
Package microtype Info: Applying patch `eqnum' on input line 32.
Package microtype Info: Applying patch `footnote' on input line 32.
Package microtype Info: Applying patch `verbatim' on input line 32.
LaTeX Info: Redefining \microtypesetup on input line 32.
Package microtype Info: Generating PDF output.
Package microtype Info: Character protrusion enabled (level 2).
Package microtype Info: Using default protrusion set `alltext'.
Package microtype Info: Automatic font expansion enabled (level 2),
(microtype)             stretch: 20, shrink: 20, step: 1, non-selected.
Package microtype Info: Using default expansion set `alltext-nott'.
Package microtype Info: Patching command `\showhyphens'.
Package microtype Info: No adjustment of tracking.
Package microtype Info: No adjustment of interword spacing.
Package microtype Info: No adjustment of character kerning.
Package microtype Info: Loading generic protrusion settings for font family
(microtype)             `Roboto-LF' (encoding: T1).
(microtype)             For optimal results, create family-specific settings.
(microtype)             See the microtype manual for details.

*geometry* driver: auto-detecting
*geometry* detected driver: pdftex
*geometry* verbose mode - [ preamble ] result:
* driver: pdftex
* paper: <default>
* layout: <same size as paper>
* layoutoffset:(h,v)=(0.0pt,0.0pt)
* modes: 
* h-part:(L,W,R)=(133.72786pt, 330.05222pt, 133.72786pt)
* v-part:(T,H,B)=(99.58464pt, 631.65128pt, 113.81102pt)
* \paperwidth=597.50793pt
* \paperheight=845.04694pt
* \textwidth=330.05222pt
* \textheight=631.65128pt
* \oddsidemargin=61.45787pt
* \evensidemargin=61.45787pt
* \topmargin=-5.68535pt
* \headheight=15.0pt
* \headsep=18.0pt
* \topskip=10.0pt
* \footskip=42.0pt
* \marginparwidth=39.83386pt
* \marginparsep=12.8401pt
* \columnsep=10.0pt
* \skip\footins=9.0pt plus 4.0pt minus 2.0pt
* \hoffset=0.0pt
* \voffset=0.0pt
* \mag=1000
* \@twocolumnfalse
* \@twosidefalse
* \@mparswitchfalse
* \@reversemarginfalse
* (1in=72.27pt=25.4mm, 1cm=28.453pt)

\c@mv@tabular=\count402
\c@mv@boldtabular=\count403
(c:/texlive/2025/texmf-dist/tex/context/base/mkii/supp-pdf.mkii
[Loading MPS to PDF converter (version 2006.09.02).]
\scratchcounter=\count404
\scratchdimen=\dimen312
\scratchbox=\box86
\nofMPsegments=\count405
\nofMParguments=\count406
\everyMPshowfont=\toks53
\MPscratchCnt=\count407
\MPscratchDim=\dimen313
\MPnumerator=\count408
\makeMPintoPDFobject=\count409
\everyMPtoPDFconversion=\toks54
) (c:/texlive/2025/texmf-dist/tex/latex/epstopdf-pkg/epstopdf-base.sty
Package: epstopdf-base 2020-01-24 v2.11 Base part for package epstopdf
Package epstopdf-base Info: Redefining graphics rule for `.eps' on input line 4
85.

(c:/texlive/2025/texmf-dist/tex/latex/latexconfig/epstopdf-sys.cfg
File: epstopdf-sys.cfg 2010/07/13 v1.3 Configuration of (r)epstopdf for TeX Liv
e
))
Package caption Info: Begin \AtBeginDocument code.
Package caption Info: hyperref package is loaded.
Package caption Info: listings package is loaded.
Package caption Info: longtable package is loaded.

(c:/texlive/2025/texmf-dist/tex/latex/caption/ltcaption.sty
Package: ltcaption 2021/01/08 v1.4c longtable captions (AR)
)
Package caption Info: supertabular package is loaded.
Package caption Info: End \AtBeginDocument code.
\c@lstlisting=\count410
Package tocbasic Info: setting babel extension for `lol' on input line 32.
\scr@dte@lstlisting@maxnumwidth=\skip94
Package hyperref Info: Link coloring OFF on input line 32.

(c:/texlive/2025/texmf-dist/tex/latex/translations/translations-basic-dictionar
y-german.trsl
File: translations-basic-dictionary-german.trsl (german translation file `trans
lations-basic-dictionary')
)
Package translations Info: loading dictionary `translations-basic-dictionary' f
or `german'. on input line 32.

(c:/texlive/2025/texmf-dist/tex/latex/translations/translations-basic-dictionar
y-english.trsl
File: translations-basic-dictionary-english.trsl (english translation file `tra
nslations-basic-dictionary')
)
Package translations Info: loading dictionary `translations-basic-dictionary' f
or `english'. on input line 32.
Package scrbase Info: activating ngerman \figureautorefname on input line 32.
 (./Seiten/Deckblaetter.tex
LaTeX Font Info:    Trying to load font information for OT1+ppl on input line 5
.

(c:/texlive/2025/texmf-dist/tex/latex/psnfss/ot1ppl.fd
File: ot1ppl.fd 2001/06/04 font definitions for OT1/ppl.
)
(c:/texlive/2025/texmf-dist/tex/latex/microtype/mt-ppl.cfg
File: mt-ppl.cfg 2005/11/16 v1.6 microtype config. file: Palatino (RS)
)
LaTeX Font Info:    Trying to load font information for OML+zplm on input line 
5.

(c:/texlive/2025/texmf-dist/tex/latex/psnfss/omlzplm.fd
File: omlzplm.fd 2002/09/08 Fontinst v1.914 font definitions for OML/zplm.
)
LaTeX Font Info:    Trying to load font information for OMS+zplm on input line 
5.

(c:/texlive/2025/texmf-dist/tex/latex/psnfss/omszplm.fd
File: omszplm.fd 2002/09/08 Fontinst v1.914 font definitions for OMS/zplm.
)
LaTeX Font Info:    Trying to load font information for OMX+zplm on input line 
5.

(c:/texlive/2025/texmf-dist/tex/latex/psnfss/omxzplm.fd
File: omxzplm.fd 2002/09/08 Fontinst v1.914 font definitions for OMX/zplm.
)
LaTeX Font Info:    Font shape `U/msa/m/n' will be
(Font)              scaled to size 10.42007pt on input line 5.

(c:/texlive/2025/texmf-dist/tex/latex/microtype/mt-msa.cfg
File: mt-msa.cfg 2006/02/04 v1.1 microtype config. file: AMS symbols (a) (RS)
)
LaTeX Font Info:    Font shape `U/msa/m/n' will be
(Font)              scaled to size 7.91925pt on input line 5.
LaTeX Font Info:    Font shape `U/msa/m/n' will be
(Font)              scaled to size 6.25204pt on input line 5.
LaTeX Font Info:    Font shape `U/msb/m/n' will be
(Font)              scaled to size 10.42007pt on input line 5.

(c:/texlive/2025/texmf-dist/tex/latex/microtype/mt-msb.cfg
File: mt-msb.cfg 2005/06/01 v1.0 microtype config. file: AMS symbols (b) (RS)
)
LaTeX Font Info:    Font shape `U/msb/m/n' will be
(Font)              scaled to size 7.91925pt on input line 5.
LaTeX Font Info:    Font shape `U/msb/m/n' will be
(Font)              scaled to size 6.25204pt on input line 5.

(c:/texlive/2025/texmf-dist/tex/latex/microtype/mt-cmr.cfg
File: mt-cmr.cfg 2013/05/19 v2.2 microtype config. file: Computer Modern Roman 
(RS)
)
(c:/texlive/2025/texmf-dist/tex/latex/microtype/mt-eur.cfg
File: mt-eur.cfg 2006/07/31 v1.1 microtype config. file: AMS Euler Roman (RS)
)
LaTeX Font Info:    Trying to load font information for OT1+zplm on input line 
5.

(c:/texlive/2025/texmf-dist/tex/latex/psnfss/ot1zplm.fd
File: ot1zplm.fd 2002/09/08 Fontinst v1.914 font definitions for OT1/zplm.
)
Package microtype Info: Loading generic protrusion settings for font family
(microtype)             `zplm' (encoding: OT1).
(microtype)             For optimal results, create family-specific settings.
(microtype)             See the microtype manual for details.
 [1




{c:/texlive/2025/texmf-var/fonts/map/pdftex/updmap/pdftex.map}{c:/texlive/2025/
texmf-dist/fonts/enc/dvips/roboto/rbto_b5rac7.enc}]
LaTeX Font Info:    Font shape `T1/Roboto-LF/b/n' aliased to
(Font)              `T1/Roboto-LF/bold/n' on input line 10.
LaTeX Font Info:    Font shape `T1/Roboto-LF/bold/n' will be
(Font)              scaled to size 10.0pt on input line 10.
 [2]
LaTeX Font Info:    Font shape `T1/Roboto-LF/b/n' aliased to
(Font)              `T1/Roboto-LF/bold/n' on input line 54.
LaTeX Font Info:    Font shape `T1/Roboto-LF/bold/n' will be
(Font)              scaled to size 24.88pt on input line 54.
LaTeX Font Info:    Font shape `T1/Roboto-LF/m/n' aliased to
(Font)              `T1/Roboto-LF/regular/n' on input line 54.
LaTeX Font Info:    Font shape `T1/Roboto-LF/regular/n' will be
(Font)              scaled to size 17.28pt on input line 54.
 [3


] [4]
<Bilder/thab_logo.png, id=23, 583.781pt x 399.894pt>
File: Bilder/thab_logo.png Graphic file (type png)
<use Bilder/thab_logo.png>
Package pdftex.def Info: Bilder/thab_logo.png  used on input line 90.
(pdftex.def)             Requested size: 87.56337pt x 59.9815pt.
LaTeX Font Info:    Font shape `T1/Roboto-LF/m/n' aliased to
(Font)              `T1/Roboto-LF/regular/n' on input line 93.
LaTeX Font Info:    Font shape `T1/Roboto-LF/regular/n' will be
(Font)              scaled to size 12.0pt on input line 93.
LaTeX Font Info:    Font shape `T1/Roboto-LF/b/n' aliased to
(Font)              `T1/Roboto-LF/bold/n' on input line 93.
LaTeX Font Info:    Font shape `T1/Roboto-LF/bold/n' will be
(Font)              scaled to size 12.0pt on input line 93.
) (./Seiten/Vorwort.tex [5 <./Bilder/thab_logo.png>]
LaTeX Font Info:    Trying to load font information for T1+phv on input line 1.

 (c:/texlive/2025/texmf-dist/tex/latex/psnfss/t1phv.fd
File: t1phv.fd 2020/03/25 scalable font definitions for T1/phv.
)
Package microtype Info: Loading generic protrusion settings for font family
(microtype)             `phv' (encoding: T1).
(microtype)             For optimal results, create family-specific settings.
(microtype)             See the microtype manual for details.
)
[6


{c:/texlive/2025/texmf-dist/fonts/enc/dvips/base/8r.enc}]
Package tocbasic Info: character protrusion at toc deactivated on input line 49
.

(out/bthesis_wbischoff_2228538.toc [7


])
\tf@toc=\write4
\openout4 = `bthesis_wbischoff_2228538.toc'.

 [8]
Package tocbasic Info: character protrusion at lof deactivated on input line 55
.
 (out/bthesis_wbischoff_2228538.lof)
\tf@lof=\write5
\openout5 = `bthesis_wbischoff_2228538.lof'.

[9


]
Package tocbasic Info: character protrusion at lol deactivated on input line 70
.
 (out/bthesis_wbischoff_2228538.lol)
\tf@lol=\write6
\openout6 = `bthesis_wbischoff_2228538.lol'.

 [10


] [11




] (./Kapitel/Einleitung.tex
chapter 1.
LaTeX Font Info:    Font shape `T1/Roboto-LF/m/sl' aliased to
(Font)              `T1/Roboto-LF/regular/sl' on input line 24.
LaTeX Font Info:    Font shape `T1/Roboto-LF/regular/sl' in size <10> not avail
able
(Font)              Font shape `T1/Roboto-LF/regular/it' tried instead on input
 line 24.
LaTeX Font Info:    Font shape `T1/Roboto-LF/regular/it' will be
(Font)              scaled to size 10.0pt on input line 24.
[1



]
<Bilder/ViewFrustum.png, id=280, 506.39188pt x 236.885pt>
File: Bilder/ViewFrustum.png Graphic file (type png)
<use Bilder/ViewFrustum.png>
Package pdftex.def Info: Bilder/ViewFrustum.png  used on input line 28.
(pdftex.def)             Requested size: 329.1508pt x 153.97342pt.
LaTeX Font Info:    Font shape `T1/Roboto-LF/m/n' aliased to
(Font)              `T1/Roboto-LF/regular/n' on input line 29.
LaTeX Font Info:    Font shape `T1/Roboto-LF/regular/n' will be
(Font)              scaled to size 9.0pt on input line 29.
LaTeX Font Info:    Font shape `T1/Roboto-LF/b/n' aliased to
(Font)              `T1/Roboto-LF/bold/n' on input line 29.
LaTeX Font Info:    Font shape `T1/Roboto-LF/bold/n' will be
(Font)              scaled to size 9.0pt on input line 29.
<Bilder/PerspectiveProjection.png, id=285, 325.71687pt x 143.03438pt>
File: Bilder/PerspectiveProjection.png Graphic file (type png)
<use Bilder/PerspectiveProjection.png>
Package pdftex.def Info: Bilder/PerspectiveProjection.png  used on input line 4
3.
(pdftex.def)             Requested size: 228.00024pt x 100.12337pt.
Package babel Info: 'ngerman' activates 'ngerman' shorthands.
(babel)             Reported on input line 49.
 [2 <./Bilder/ViewFrustum.png> <./Bilder/PerspectiveProjection.png>]
<Bilder/LLM_1.png, id=300, 342.78062pt x 195.73125pt>
File: Bilder/LLM_1.png Graphic file (type png)
<use Bilder/LLM_1.png>
Package pdftex.def Info: Bilder/LLM_1.png  used on input line 62.
(pdftex.def)             Requested size: 308.4997pt x 176.15648pt.

[3 <./Bilder/LLM_1.png>]
<Bilder/LLM_2.png, id=310, 556.57938pt x 71.26625pt>
File: Bilder/LLM_2.png Graphic file (type png)
<use Bilder/LLM_2.png>
Package pdftex.def Info: Bilder/LLM_2.png  used on input line 71.
(pdftex.def)             Requested size: 306.1196pt x 39.19653pt.
 [4 <./Bilder/LLM_2.png>] (./Kapitel/StandTechnik.tex
<Bilder/strip_mining_2.png, id=324, 877.77937pt x 367.87437pt>
File: Bilder/strip_mining_2.png Graphic file (type png)
<use Bilder/strip_mining_2.png>
Package pdftex.def Info: Bilder/strip_mining_2.png  used on input line 11.
(pdftex.def)             Requested size: 307.22739pt x 128.75795pt.


LaTeX Warning: `h' float specifier changed to `ht'.

[5] [6 <./Bilder/strip_mining_2.png>]) [7])
(./Kapitel/TheoretischeGrundlagen.tex [8]
chapter 2.
[9


]

Package hyperref Warning: Token not allowed in a PDF string (Unicode):
(hyperref)                removing `\gls' on input line 75.

(c:/texlive/2025/texmf-dist/tex/latex/listings/lstlang1.sty
File: lstlang1.sty 2025/11/14 1.11b listings language file
)
(c:/texlive/2025/texmf-dist/tex/latex/listings/lstlang1.sty
File: lstlang1.sty 2025/11/14 1.11b listings language file
)
(c:/texlive/2025/texmf-dist/tex/latex/listings/lstmisc.sty
File: lstmisc.sty 2025/11/14 1.11b (Carsten Heinz)
)
LaTeX Font Info:    Font shape `T1/Roboto-LF/m/n' aliased to
(Font)              `T1/Roboto-LF/regular/n' on input line 79.
LaTeX Font Info:    Font shape `T1/Roboto-LF/regular/n' will be
(Font)              scaled to size 8.0pt on input line 79.
LaTeX Font Info:    Trying to load font information for TS1+Roboto-LF on input 
line 86.

(c:/texlive/2025/texmf-dist/tex/latex/roboto/TS1Roboto-LF.fd
File: TS1Roboto-LF.fd 2019/12/11 (autoinst) Font definitions for TS1/Roboto-LF.

)
LaTeX Font Info:    Font shape `TS1/Roboto-LF/m/n' aliased to
(Font)              `TS1/Roboto-LF/regular/n' on input line 86.
LaTeX Font Info:    Font shape `TS1/Roboto-LF/regular/n' will be
(Font)              scaled to size 8.0pt on input line 86.
Package microtype Info: Loading generic protrusion settings for font family
(microtype)             `Roboto-LF' (encoding: TS1).
(microtype)             For optimal results, create family-specific settings.
(microtype)             See the microtype manual for details.
 [10{c:/texlive/2025/texmf-dist/fonts/enc/dvips/roboto/rbto_ocbbsb.enc}]

Package hyperref Warning: Token not allowed in a PDF string (Unicode):
(hyperref)                removing `\gls' on input line 113.

<Bilder/SISD_SIMD.pdf, id=394, 257.96375pt x 77.28876pt>
File: Bilder/SISD_SIMD.pdf Graphic file (type pdf)
<use Bilder/SISD_SIMD.pdf>
Package pdftex.def Info: Bilder/SISD_SIMD.pdf  used on input line 123.
(pdftex.def)             Requested size: 206.37126pt x 61.83107pt.
[11 <./Bilder/SISD_SIMD.pdf>] [12]
<Bilder/CombiningVectorRegisters.png, id=422, 603.75563pt x 365.86688pt>
File: Bilder/CombiningVectorRegisters.png Graphic file (type png)
<use Bilder/CombiningVectorRegisters.png>
Package pdftex.def Info: Bilder/CombiningVectorRegisters.png  used on input lin
e 164.
(pdftex.def)             Requested size: 313.95473pt x 190.25186pt.
 [13 <./Bilder/CombiningVectorRegisters.png>]
Underfull \hbox (badness 1337) in paragraph at lines 176--177
\T1/Roboto-LF/regular/n/10 wur-den um das Wis-sen um die RISC-V-Vektor-Extensio
n er-wei-tert und
 []

<Bilder/StripMining.pdf, id=431, 347.37779pt x 505.89pt>
File: Bilder/StripMining.pdf Graphic file (type pdf)
<use Bilder/StripMining.pdf>
Package pdftex.def Info: Bilder/StripMining.pdf  used on input line 188.
(pdftex.def)             Requested size: 277.9026pt x 404.71254pt.

LaTeX Warning: `h' float specifier changed to `ht'.

[14] [15 <./Bilder/StripMining.pdf>]
Underfull \hbox (badness 5302) in paragraph at lines 227--228
[]\T1/Roboto-LF/regular/n/10 Die Vector-Engine ver-ar-bei-tet die Vector-Load-A
nweisungen und
 []

[16] [17]
<Bilder/KrsteAsanovic_RISCV_StateOfTheUnion.png, id=544, 717.17938pt x 391.9643
7pt>
File: Bilder/KrsteAsanovic_RISCV_StateOfTheUnion.png Graphic file (type png)
<use Bilder/KrsteAsanovic_RISCV_StateOfTheUnion.png>
Package pdftex.def Info: Bilder/KrsteAsanovic_RISCV_StateOfTheUnion.png  used o
n input line 329.
(pdftex.def)             Requested size: 322.72774pt x 176.38232pt.
 [18 <./Bilder/KrsteAsanovic_RISCV_StateOfTheUnion.png>]
<Bilder/Matrix_Tiling.png, id=578, 231.36438pt x 221.82875pt>
File: Bilder/Matrix_Tiling.png Graphic file (type png)
<use Bilder/Matrix_Tiling.png>
Package pdftex.def Info: Bilder/Matrix_Tiling.png  used on input line 379.
(pdftex.def)             Requested size: 138.81969pt x 133.09825pt.


LaTeX Warning: `h' float specifier changed to `ht'.

[19]
<Bilder/MatrixMult_1.png, id=583, 514.42188pt x 77.25414pt>
File: Bilder/MatrixMult_1.png Graphic file (type png)
<use Bilder/MatrixMult_1.png>
Package pdftex.def Info: Bilder/MatrixMult_1.png  used on input line 394.
(pdftex.def)             Requested size: 308.6555pt x 46.35281pt.
<Bilder/MatrixMult_2.png, id=586, 257.46187pt x 51.33662pt>
File: Bilder/MatrixMult_2.png Graphic file (type png)
<use Bilder/MatrixMult_2.png>
Package pdftex.def Info: Bilder/MatrixMult_2.png  used on input line 405.
(pdftex.def)             Requested size: 154.4783pt x 30.8022pt.
<Bilder/MatrixMult_4.png, id=588, 450.18187pt x 38.61pt>
File: Bilder/MatrixMult_4.png Graphic file (type png)
<use Bilder/MatrixMult_4.png>
Package pdftex.def Info: Bilder/MatrixMult_4.png  used on input line 414.
(pdftex.def)             Requested size: 270.1112pt x 23.16617pt.


LaTeX Warning: `h' float specifier changed to `ht'.

[20 <./Bilder/Matrix_Tiling.png> <./Bilder/MatrixMult_1.png> <./Bilder/MatrixMu
lt_2.png>]
<Bilder/MatrixMult_3.png, id=598, 514.42188pt x 141.0511pt>
File: Bilder/MatrixMult_3.png Graphic file (type png)
<use Bilder/MatrixMult_3.png>
Package pdftex.def Info: Bilder/MatrixMult_3.png  used on input line 425.
(pdftex.def)             Requested size: 308.6555pt x 84.6313pt.
 [21 <./Bilder/MatrixMult_4.png> <./Bilder/MatrixMult_3.png>]
Underfull \hbox (badness 1424) in paragraph at lines 476--477
\T1/Roboto-LF/regular/n/10 ([]MAC[]) ge-nannt, da es Zwi-schen-er-geb-nis-se au
f-sum-miert, al-so kum-mu-
 []

<Bilder/MAC_MatrixAccumulator.png, id=612, 432.11438pt x 405.515pt>
File: Bilder/MAC_MatrixAccumulator.png Graphic file (type png)
<use Bilder/MAC_MatrixAccumulator.png>
Package pdftex.def Info: Bilder/MAC_MatrixAccumulator.png  used on input line 4
80.
(pdftex.def)             Requested size: 259.27061pt x 243.31087pt.

LaTeX Warning: `h' float specifier changed to `ht'.

[22] [23 <./Bilder/MAC_MatrixAccumulator.png>])
(./Kapitel/DurchfuehrungArbeit.tex [24]
chapter 3.
<Bilder/Process.pdf, id=639, 506.89375pt x 166.6225pt>
File: Bilder/Process.pdf Graphic file (type pdf)
<use Bilder/Process.pdf>
Package pdftex.def Info: Bilder/Process.pdf  used on input line 38.
(pdftex.def)             Requested size: 304.1386pt x 99.97426pt.

LaTeX Warning: `h' float specifier changed to `ht'.

[25


]
LaTeX Font Info:    Font shape `T1/Roboto-LF/m/n' aliased to
(Font)              `T1/Roboto-LF/regular/n' on input line 54.
LaTeX Font Info:    Font shape `T1/Roboto-LF/regular/n' will be
(Font)              scaled to size 7.6pt on input line 54.
LaTeX Font Info:    Font shape `U/msa/m/n' will be
(Font)              scaled to size 8.33606pt on input line 54.
LaTeX Font Info:    Font shape `U/msa/m/n' will be
(Font)              scaled to size 5.21004pt on input line 54.
LaTeX Font Info:    Font shape `U/msb/m/n' will be
(Font)              scaled to size 8.33606pt on input line 54.
LaTeX Font Info:    Font shape `U/msb/m/n' will be
(Font)              scaled to size 5.21004pt on input line 54.
LaTeX Font Info:    Font shape `T1/Roboto-LF/m/n' aliased to
(Font)              `T1/Roboto-LF/regular/n' on input line 54.
LaTeX Font Info:    Font shape `T1/Roboto-LF/regular/n' will be
(Font)              scaled to size 6.0pt on input line 54.
 [26 <./Bilder/Process.pdf>]
<Bilder/Sample_WaveForm.png, id=673, 622.325pt x 62.2325pt>
File: Bilder/Sample_WaveForm.png Graphic file (type png)
<use Bilder/Sample_WaveForm.png>
Package pdftex.def Info: Bilder/Sample_WaveForm.png  used on input line 68.
(pdftex.def)             Requested size: 311.16173pt x 31.11617pt.
<Bilder/schematic_cropped.pdf, id=677, 561.09625pt x 231.86626pt>
File: Bilder/schematic_cropped.pdf Graphic file (type pdf)
<use Bilder/schematic_cropped.pdf>
Package pdftex.def Info: Bilder/schematic_cropped.pdf  used on input line 87.
(pdftex.def)             Requested size: 308.60388pt x 127.52682pt.
 [27 <./Bilder/Sample_WaveForm.png>]
<Bilder/floorplan_1.png, id=686, 212.29312pt x 345.29pt>
File: Bilder/floorplan_1.png Graphic file (type png)
<use Bilder/floorplan_1.png>
Package pdftex.def Info: Bilder/floorplan_1.png  used on input line 98.
(pdftex.def)             Requested size: 116.76157pt x 189.91008pt.
 [28 <./Bilder/schematic_cropped.pdf> <./Bilder/floorplan_1.png>] [29] [30] [31
])
(./Kapitel/Analyse.tex [32]
chapter 4.
<Bilder/neorv32_cpu_architecture.png, id=713, 828.09375pt x 391.4625pt>
File: Bilder/neorv32_cpu_architecture.png Graphic file (type png)
<use Bilder/neorv32_cpu_architecture.png>
Package pdftex.def Info: Bilder/neorv32_cpu_architecture.png  used on input lin
e 14.
(pdftex.def)             Requested size: 322.95526pt x 152.66975pt.
[33


 <./Bilder/neorv32_cpu_architecture.png>]
<Bilder/neorv32_debugging_instructions_2.png, id=721, 732.23563pt x 48.18pt>
File: Bilder/neorv32_debugging_instructions_2.png Graphic file (type png)
<use Bilder/neorv32_debugging_instructions_2.png>
Package pdftex.def Info: Bilder/neorv32_debugging_instructions_2.png  used on i
nput line 38.
(pdftex.def)             Requested size: 329.50299pt x 21.68079pt.
 [34 <./Bilder/neorv32_debugging_instructions_2.png>]
<Bilder/PipelinedDesign.png, id=730, 891.83188pt x 480.79625pt>
File: Bilder/PipelinedDesign.png Graphic file (type png)
<use Bilder/PipelinedDesign.png>
Package pdftex.def Info: Bilder/PipelinedDesign.png  used on input line 60.
(pdftex.def)             Requested size: 285.39203pt x 153.85793pt.
<Bilder/StateMachine.pdf, id=733, 682.46968pt x 381.34468pt>
File: Bilder/StateMachine.pdf Graphic file (type pdf)
<use Bilder/StateMachine.pdf>
Package pdftex.def Info: Bilder/StateMachine.pdf  used on input line 79.
(pdftex.def)             Requested size: 327.58171pt x 183.04335pt.
 [35 <./Bilder/PipelinedDesign.png>] [36 <./Bilder/StateMachine.pdf>]
<Bilder/LoadStoreUnitAndBus.pdf, id=754, 189.8292pt x 233.9139pt>
File: Bilder/LoadStoreUnitAndBus.pdf Graphic file (type pdf)
<use Bilder/LoadStoreUnitAndBus.pdf>
Package pdftex.def Info: Bilder/LoadStoreUnitAndBus.pdf  used on input line 104
.
(pdftex.def)             Requested size: 189.82872pt x 233.91331pt.
 [37 <./Bilder/LoadStoreUnitAndBus.pdf>]
Underfull \hbox (badness 2158) in paragraph at lines 122--123
[]\T1/Roboto-LF/regular/n/10 Das Ba-ckend wur-de an-hand sei-ner re-le-van-ten 
Be-stand-tei-le Execution-
 []

) (./Kapitel/Erweiterung.tex [38]
chapter 5.
(c:/texlive/2025/texmf-dist/tex/latex/listings/lstlang1.sty
File: lstlang1.sty 2025/11/14 1.11b listings language file
)
LaTeX Font Info:    Font shape `T1/Roboto-LF/b/n' aliased to
(Font)              `T1/Roboto-LF/bold/n' on input line 13.
LaTeX Font Info:    Font shape `T1/Roboto-LF/bold/n' will be
(Font)              scaled to size 8.0pt on input line 13.
 [39


]
Package microtype Info: Loading generic protrusion settings for font family
(microtype)             `cmtt' (encoding: T1).
(microtype)             For optimal results, create family-specific settings.
(microtype)             See the microtype manual for details.
 [40{c:/texlive/2025/texmf-dist/fonts/enc/dvips/cm-super/cm-super-t1.enc}] [41]
<Bilder/VHDL_Entities.png, id=838, 874.26625pt x 573.14125pt>
File: Bilder/VHDL_Entities.png Graphic file (type png)
<use Bilder/VHDL_Entities.png>
Package pdftex.def Info: Bilder/VHDL_Entities.png  used on input line 104.
(pdftex.def)             Requested size: 305.99777pt x 200.60243pt.
 [42 <./Bilder/VHDL_Entities.png>]
LaTeX Font Info:    Font shape `T1/Roboto-LF/m/it' aliased to
(Font)              `T1/Roboto-LF/regular/it' on input line 124.
LaTeX Font Info:    Font shape `T1/Roboto-LF/regular/it' will be
(Font)              scaled to size 8.0pt on input line 124.
LaTeX Font Info:    Font shape `TS1/Roboto-LF/m/it' aliased to
(Font)              `TS1/Roboto-LF/regular/it' on input line 124.
LaTeX Font Info:    Font shape `TS1/Roboto-LF/regular/it' will be
(Font)              scaled to size 8.0pt on input line 124.
 [43{c:/texlive/2025/texmf-dist/fonts/enc/dvips/roboto/rbto_hlrajr.enc}] [44] [
45] [46]
Underfull \hbox (badness 3568) in paragraph at lines 299--300
[]\T1/Roboto-LF/regular/n/10 Der neue PROC_RAM-Pro-zess pro-du-ziert Steu-er-si
-gna-le für den RAM-
 []

<Bilder/MatrixEngine.png, id=978, 402.50375pt x 321.2pt>
File: Bilder/MatrixEngine.png Graphic file (type png)
<use Bilder/MatrixEngine.png>
Package pdftex.def Info: Bilder/MatrixEngine.png  used on input line 312.
(pdftex.def)             Requested size: 281.7507pt x 224.83847pt.
[47 <./Bilder/MatrixEngine.png>] [48]
Underfull \hbox (badness 3354) in paragraph at lines 391--392
[]\T1/Roboto-LF/regular/n/10 Um die Be-rech-nung aus-zu-füh-ren wird ei-ne Stat
e-Ma-chi-ne ver-wen-det.
 []


Underfull \hbox (badness 1655) in paragraph at lines 391--392
\T1/Roboto-LF/regular/n/10 MM_PROCESS_1, bis MM_INIT_4, MM_PROCESS_4 und en-det
 mit MM
 []

[49] [50]) (./Kapitel/AuswertungundErgebnisse.tex [51] [52]
chapter 6.
[53


]
Underfull \hbox (badness 1888) in paragraph at lines 84--85
\T1/Roboto-LF/regular/n/10 sind die Re-gis-ter CSR_MCYCLE und CSR_MCYCLEH. Das 
ers-te Re-gis-
 []


Underfull \hbox (badness 2662) in paragraph at lines 84--85
\T1/Roboto-LF/regular/n/10 ter (CSR_MCYCLE) spei-chert das Low-Word und das zwe
i-te Re-gis-ter
 []

[54]
Underfull \hbox (badness 1609) in paragraph at lines 130--131
\T1/Roboto-LF/regular/n/10 Com-pi-ler in der Ver-si-on riscv-none-elf-gcc.exe (
xPack GNU RISC-
 []


Underfull \hbox (badness 1087) in paragraph at lines 130--131
\T1/Roboto-LF/regular/n/10 V Em-bed-ded GCC x86_64) 14.2.0 über-setzt. Für die 
Über-set-zung
 []

[55] [56]
<Bilder/WaveFormsMatrixMultiplikation_2.png, id=1162, 676.5275pt x 78.79437pt>
File: Bilder/WaveFormsMatrixMultiplikation_2.png Graphic file (type png)
<use Bilder/WaveFormsMatrixMultiplikation_2.png>
Package pdftex.def Info: Bilder/WaveFormsMatrixMultiplikation_2.png  used on in
put line 204.
(pdftex.def)             Requested size: 304.43456pt x 35.45712pt.
 [57 <./Bilder/WaveFormsMatrixMultiplikation_2.png>] [58] [59])
(./Kapitel/ZusammenfassungundAusblick.tex [60]
chapter 7.

Underfull \hbox (badness 1038) in paragraph at lines 16--17
\T1/Roboto-LF/regular/n/10 Kon-zept des Strip-Mining auf. Strip-Mining er-laubt
 die Er-stel-lung ei-nes
 []


Underfull \hbox (badness 1596) in paragraph at lines 16--17
\T1/Roboto-LF/regular/n/10 tio-nen grö-ÿe-rer Ma-tri-zen durch Mul-ti-pli-ka-ti
o-nen klei-ne-rer Di-men-sio-nen
 []

[61


]
Underfull \hbox (badness 1033) in paragraph at lines 30--31
\T1/Roboto-LF/regular/n/10 par-al-lel durch-füh-ren zu kön-nen. Die Hard-wa-re 
für die Be-rech-nung des
 []


Underfull \hbox (badness 3049) in paragraph at lines 34--35
[]\T1/Roboto-LF/regular/n/10 Unternehmen wie NVI-DIA er-stel-len Be-schleu-ni-g
er-kar-ten, die für High-
 []

[62]
Underfull \hbox (badness 1210) in paragraph at lines 53--54
\T1/Roboto-LF/regular/n/10 System-Verilog bei-spiels-wei-se bie-tet weit-rei-ch
en-de-re Mög-lich-kei-ten zur
 []

[63]) (out/bthesis_wbischoff_2228538.bbl [64]
chapter without number
LaTeX Font Info:    Font shape `T1/Roboto-LF/m/sc' aliased to
(Font)              `T1/Roboto-LF/regular/sc' on input line 17.
LaTeX Font Info:    Font shape `T1/Roboto-LF/regular/sc' will be
(Font)              scaled to size 10.0pt on input line 17.
Package microtype Info: Character `029' is missing
(microtype)             in font `T1/Roboto-LF/regular/sc/10'.
(microtype)             Ignoring protrusion settings for this character.

Underfull \hbox (badness 3895) in paragraph at lines 25--31
[]\T1/Roboto-LF/regular/sc/10 Alon Amid\T1/Roboto-LF/regular/n/10 , et. a. Krs-
te Asa-no-vic A. Krs-te Asa-no-vic:  |   []
 []


Underfull \hbox (badness 4981) in paragraph at lines 33--38
[]\T1/Roboto-LF/regular/sc/10 Arsalan\T1/Roboto-LF/regular/n/10 , Qi-zal:  |   
[]   |   []   |   []   |   []   |   []   |   []
 []


Underfull \hbox (badness 10000) in paragraph at lines 33--38
|   []   |   []   |   []   |   []\T1/Roboto-LF/regular/n/10 .  []$\T1/cmtt/m/n/
10 https : / / github.com / QizalA /
 []


Underfull \hbox (badness 2080) in paragraph at lines 40--45
[]\T1/Roboto-LF/regular/sc/10 Asanovic\T1/Roboto-LF/regular/n/10 , Krs-te:  |  
 []   |   []   |   []   |   []   |   [].  []$\T1/cmtt/m/n/10 https : / / riscv 
-[]
 []


Underfull \hbox (badness 10000) in paragraph at lines 40--45
\T1/cmtt/m/n/10 europe.org / summit / 2025 / media / proceedings / 2025 -[] 05 
-[] 13 -[]
 []


Underfull \hbox (badness 10000) in paragraph at lines 40--45
\T1/cmtt/m/n/10 RISC -[] V -[] Summit -[] Europe -[] 11h30 -[] ASANOVI % C4 % 8
6 -[] slides.pdf$[]\T1/Roboto-LF/regular/n/10 .
 []


Underfull \hbox (badness 10000) in paragraph at lines 59--65
|   []\T1/Roboto-LF/regular/n/10 .  []$\T1/cmtt/m/n/10 https : / / riscv.org / 
blog / stream -[] computing -[]
 []


Underfull \hbox (badness 10000) in paragraph at lines 59--65
\T1/cmtt/m/n/10 risc -[] v -[] matrix -[] extension -[] open -[] source -[] pro
ject -[] upgrades -[]
 []


Underfull \hbox (badness 10000) in paragraph at lines 59--65
\T1/cmtt/m/n/10 to -[] version -[] 0 -[] 5 -[] supporting -[] vectormatrix -[] 
implementation/$[]\T1/Roboto-LF/regular/n/10 .
 []


Underfull \hbox (badness 2617) in paragraph at lines 67--73
\T1/Roboto-LF/regular/n/10 pu-ter Ar-chi-tec-ture Text-book.  In: |   []   |   
[]   |   []   |   []
 []


Underfull \hbox (badness 1983) in paragraph at lines 67--73
|   []   |   []   |   []   |   [] \T1/Roboto-LF/regular/n/10 (2021), 1-5.  []$\
T1/cmtt/m/n/10 https : / /
 []


Underfull \hbox (badness 2762) in paragraph at lines 75--80
[]\T1/Roboto-LF/regular/sc/10 Ibáñez\T1/Roboto-LF/regular/n/10 , Ro-ger F.:  | 
  []   |   []   |   []   |   []   |   []   |   [].
 []


Underfull \hbox (badness 10000) in paragraph at lines 75--80
[]$\T1/cmtt/m/n/10 https : / / eupilot.eu / wp -[] content / uploads / 2022 / 1
1 / RISC -[] V -[]
 []


Underfull \hbox (badness 4429) in paragraph at lines 82--87
[]\T1/Roboto-LF/regular/sc/10 International\T1/Roboto-LF/regular/n/10 , RISC-V:
  |   []   |   []   |   [].  []$\T1/cmtt/m/n/10 https :
 []


Underfull \hbox (badness 10000) in paragraph at lines 82--87
\T1/cmtt/m/n/10 / / riscv.atlassian.net / wiki / spaces / IMEX / pages / 460719
25 /
 []


Underfull \hbox (badness 10000) in paragraph at lines 89--94
[]\T1/Roboto-LF/regular/sc/10 Killian\T1/Roboto-LF/regular/n/10 , Earl A.:  |  
 []   |   []   |   [].  []$\T1/cmtt/m/n/10 https :
 []


Underfull \hbox (badness 10000) in paragraph at lines 89--94
\T1/cmtt/m/n/10 / / riscv.atlassian.net / wiki / download / attachments / 66378
1400 /
 []

[65


{c:/texlive/2025/texmf-dist/fonts/enc/dvips/roboto/rbto_shbyjm.enc}]
Underfull \hbox (badness 2762) in paragraph at lines 121--125
[]\T1/Roboto-LF/regular/sc/10 Nolting\T1/Roboto-LF/regular/n/10 , Ste-phan:  | 
  [].  []$\T1/cmtt/m/n/10 https : / / github.com / stnolting /
 []


Underfull \hbox (badness 4454) in paragraph at lines 138--143
[]\T1/Roboto-LF/regular/sc/10 Thomas\T1/Roboto-LF/regular/n/10 , Gi-les:  |   [
]   |   []   |   []   |   []   |   []   |   []   |   []
 []


Underfull \hbox (badness 6910) in paragraph at lines 138--143
|   []\T1/Roboto-LF/regular/n/10 .  []$\T1/cmtt/m/n/10 https : / / www.gilestho
mas.com / 2025 / 02 / basic -[] neural -[]
 []

) (./Seiten/Anhang.tex [66] (out/../Appendix/src/neorv32_cpu.vhd
Overfull \hbox (73.95169pt too wide) in paragraph at lines 1--2
[][] 
 []


Overfull \hbox (73.95169pt too wide) in paragraph at lines 3--4
[][] 
 []


Overfull \hbox (73.95169pt too wide) in paragraph at lines 8--9
[][] 
 []


Overfull \hbox (73.95169pt too wide) in paragraph at lines 14--16
[][] 
 []

[1


] [2] [3] [4]
Overfull \hbox (21.15115pt too wide) in paragraph at lines 172--173
[][] 
 []

[5] [6]
Overfull \hbox (54.7515pt too wide) in paragraph at lines 306--307
[][] 
 []


Overfull \hbox (54.7515pt too wide) in paragraph at lines 307--308
[][] 
 []


Overfull \hbox (54.7515pt too wide) in paragraph at lines 308--309
[][] 
 []


Overfull \hbox (54.7515pt too wide) in paragraph at lines 309--311
[][] 
 []


Overfull \hbox (54.7515pt too wide) in paragraph at lines 311--312
[][] 
 []


Overfull \hbox (54.7515pt too wide) in paragraph at lines 312--313
[][] 
 []


Overfull \hbox (54.7515pt too wide) in paragraph at lines 313--314
[][] 
 []


Overfull \hbox (54.7515pt too wide) in paragraph at lines 314--316
[][] 
 []


Overfull \hbox (54.7515pt too wide) in paragraph at lines 316--317
[][] 
 []

[7]
Overfull \hbox (54.7515pt too wide) in paragraph at lines 317--318
[][] 
 []


Overfull \hbox (54.7515pt too wide) in paragraph at lines 318--319
[][] 
 []


Overfull \hbox (54.7515pt too wide) in paragraph at lines 319--321
[][] 
 []


Overfull \hbox (54.7515pt too wide) in paragraph at lines 321--322
[][] 
 []


Overfull \hbox (54.7515pt too wide) in paragraph at lines 322--323
[][] 
 []


Overfull \hbox (54.7515pt too wide) in paragraph at lines 323--324
[][] 
 []


Overfull \hbox (54.7515pt too wide) in paragraph at lines 324--326
[][] 
 []

[8] [9] [10] [11] [12] [13] [14] [15] [16] [17] [18])
(out/../Appendix/src/neorv32_cpu_control.vhd
Overfull \hbox (73.95169pt too wide) in paragraph at lines 2--3
[][] 
 []


Overfull \hbox (73.95169pt too wide) in paragraph at lines 4--5
[][] 
 []


Overfull \hbox (73.95169pt too wide) in paragraph at lines 10--11
[][] 
 []


Overfull \hbox (73.95169pt too wide) in paragraph at lines 16--18
[][] 
 []

[19] [20] [21] [22] [23]
Overfull \hbox (294.75394pt too wide) in paragraph at lines 220--221
[][] 
 []


Overfull \hbox (294.75394pt too wide) in paragraph at lines 222--224
[][] 
 []


Overfull \hbox (40.35135pt too wide) in paragraph at lines 224--225
[][] 
 []


Overfull \hbox (136.35233pt too wide) in paragraph at lines 225--226
[][] 
 []

[24]
Overfull \hbox (11.55106pt too wide) in paragraph at lines 257--258
[][] 
 []


Overfull \hbox (136.35233pt too wide) in paragraph at lines 258--259
[][] 
 []


Overfull \hbox (136.35233pt too wide) in paragraph at lines 274--275
[][] 
 []


Overfull \hbox (136.35233pt too wide) in paragraph at lines 296--297
[][] 
 []

[25] [26]
Overfull \hbox (6.751pt too wide) in paragraph at lines 392--393
[][] 
 []


Overfull \hbox (6.751pt too wide) in paragraph at lines 398--399
[][] 
 []

[27]
Overfull \hbox (6.751pt too wide) in paragraph at lines 422--423
[][] 
 []


Overfull \hbox (6.751pt too wide) in paragraph at lines 438--439
[][] 
 []

[28]
Overfull \hbox (6.751pt too wide) in paragraph at lines 450--451
[][] 
 []

[29] [30]
Overfull \hbox (6.751pt too wide) in paragraph at lines 575--576
[][] 
 []

[31]
Overfull \hbox (6.751pt too wide) in paragraph at lines 585--586
[][] 
 []


Overfull \hbox (6.751pt too wide) in paragraph at lines 603--604
[][] 
 []


Overfull \hbox (6.751pt too wide) in paragraph at lines 607--608
[][] 
 []


Overfull \hbox (6.751pt too wide) in paragraph at lines 625--626
[][] 
 []

[32]
Overfull \hbox (6.751pt too wide) in paragraph at lines 652--653
[][] 
 []


Overfull \hbox (6.751pt too wide) in paragraph at lines 670--671
[][] 
 []

[33]
Overfull \hbox (6.751pt too wide) in paragraph at lines 695--696
[][] 
 []

[34]
Overfull \hbox (6.751pt too wide) in paragraph at lines 753--754
[][] 
 []


Overfull \hbox (6.751pt too wide) in paragraph at lines 761--762
[][] 
 []


Overfull \hbox (6.751pt too wide) in paragraph at lines 780--781
[][] 
 []

[35]
Overfull \hbox (11.55106pt too wide) in paragraph at lines 787--788
[][] 
 []


Overfull \hbox (136.35233pt too wide) in paragraph at lines 788--789
[][] 
 []

[36]
Overfull \hbox (294.75394pt too wide) in paragraph at lines 842--843
[][] 
 []


Overfull \hbox (294.75394pt too wide) in paragraph at lines 844--846
[][] 
 []


Overfull \hbox (136.35233pt too wide) in paragraph at lines 847--848
[][] 
 []


Overfull \hbox (54.7515pt too wide) in paragraph at lines 865--866
[][] 
 []


Overfull \hbox (136.35233pt too wide) in paragraph at lines 866--867
[][] 
 []

[37] [38] [39]
Overfull \hbox (11.55106pt too wide) in paragraph at lines 963--964
[][] 
 []


Overfull \hbox (136.35233pt too wide) in paragraph at lines 964--965
[][] 
 []

[40] [41]
Overfull \hbox (21.15115pt too wide) in paragraph at lines 1050--1051
[][] 
 []


Overfull \hbox (136.35233pt too wide) in paragraph at lines 1051--1052
[][] 
 []


Overfull \hbox (294.75394pt too wide) in paragraph at lines 1056--1057
[][] 
 []


Overfull \hbox (294.75394pt too wide) in paragraph at lines 1058--1060
[][] 
 []


Overfull \hbox (78.75174pt too wide) in paragraph at lines 1060--1061
[][] 
 []


Overfull \hbox (136.35233pt too wide) in paragraph at lines 1061--1062
[][] 
 []


Overfull \hbox (54.7515pt too wide) in paragraph at lines 1073--1074
[][] 
 []


Overfull \hbox (54.7515pt too wide) in paragraph at lines 1082--1084
[][] 
 []

[42]
Overfull \hbox (54.7515pt too wide) in paragraph at lines 1100--1101
[][] 
 []

[43]
Overfull \hbox (25.9512pt too wide) in paragraph at lines 1122--1123
[][] 
 []


Overfull \hbox (136.35233pt too wide) in paragraph at lines 1123--1124
[][] 
 []

[44] [45]
Overfull \hbox (45.1514pt too wide) in paragraph at lines 1176--1177
[][] 
 []


Overfull \hbox (136.35233pt too wide) in paragraph at lines 1177--1178
[][] 
 []

[46]
Overfull \hbox (294.75394pt too wide) in paragraph at lines 1206--1207
[][] 
 []


Overfull \hbox (294.75394pt too wide) in paragraph at lines 1208--1210
[][] 
 []


Overfull \hbox (21.15115pt too wide) in paragraph at lines 1210--1211
[][] 
 []


Overfull \hbox (136.35233pt too wide) in paragraph at lines 1211--1212
[][] 
 []


Overfull \hbox (30.75125pt too wide) in paragraph at lines 1224--1225
[][] 
 []


Overfull \hbox (136.35233pt too wide) in paragraph at lines 1225--1226
[][] 
 []


Overfull \hbox (40.35135pt too wide) in paragraph at lines 1235--1236
[][] 
 []


Overfull \hbox (136.35233pt too wide) in paragraph at lines 1236--1237
[][] 
 []

[47]
Overfull \hbox (102.75198pt too wide) in paragraph at lines 1269--1270
[][] 
 []


Overfull \hbox (102.75198pt too wide) in paragraph at lines 1271--1272
[][] 
 []

[48]
Overfull \hbox (102.75198pt too wide) in paragraph at lines 1346--1347
[][] 
 []


Overfull \hbox (102.75198pt too wide) in paragraph at lines 1348--1349
[][] 
 []

[49]
Overfull \hbox (102.75198pt too wide) in paragraph at lines 1385--1386
[][] 
 []


Overfull \hbox (102.75198pt too wide) in paragraph at lines 1387--1388
[][] 
 []

[50]
Overfull \hbox (102.75198pt too wide) in paragraph at lines 1413--1414
[][] 
 []


Overfull \hbox (102.75198pt too wide) in paragraph at lines 1415--1417
[][] 
 []


Overfull \hbox (45.1514pt too wide) in paragraph at lines 1453--1454
[][] 
 []


Overfull \hbox (136.35233pt too wide) in paragraph at lines 1454--1455
[][] 
 []

[51]
Overfull \hbox (64.3516pt too wide) in paragraph at lines 1466--1467
[][] 
 []


Overfull \hbox (64.3516pt too wide) in paragraph at lines 1468--1469
[][] 
 []


Overfull \hbox (64.3516pt too wide) in paragraph at lines 1502--1503
[][] 
 []


Overfull \hbox (64.3516pt too wide) in paragraph at lines 1504--1505
[][] 
 []

[52]
Overfull \hbox (64.3516pt too wide) in paragraph at lines 1527--1528
[][] 
 []


Overfull \hbox (64.3516pt too wide) in paragraph at lines 1529--1530
[][] 
 []


Overfull \hbox (64.3516pt too wide) in paragraph at lines 1534--1535
[][] 
 []


Overfull \hbox (64.3516pt too wide) in paragraph at lines 1536--1537
[][] 
 []


Overfull \hbox (64.3516pt too wide) in paragraph at lines 1541--1542
[][] 
 []


Overfull \hbox (64.3516pt too wide) in paragraph at lines 1543--1544
[][] 
 []

[53] [54]
Overfull \hbox (64.3516pt too wide) in paragraph at lines 1586--1587
[][] 
 []


Overfull \hbox (64.3516pt too wide) in paragraph at lines 1588--1589
[][] 
 []


Overfull \hbox (294.75394pt too wide) in paragraph at lines 1601--1602
[][] 
 []


Overfull \hbox (294.75394pt too wide) in paragraph at lines 1603--1605
[][] 
 []

[55]
Overfull \hbox (294.75394pt too wide) in paragraph at lines 1622--1623
[][] 
 []


Overfull \hbox (294.75394pt too wide) in paragraph at lines 1624--1626
[][] 
 []


Overfull \hbox (54.7515pt too wide) in paragraph at lines 1626--1627
[][] 
 []


Overfull \hbox (136.35233pt too wide) in paragraph at lines 1627--1628
[][] 
 []

[56]
Overfull \hbox (136.35233pt too wide) in paragraph at lines 1670--1671
[][] 
 []

) (out/../Appendix/src/neorv32_cpu_m_lsu.vhd
Overfull \hbox (73.95169pt too wide) in paragraph at lines 1--2
[][] 
 []


Overfull \hbox (73.95169pt too wide) in paragraph at lines 3--4
[][] 
 []


Overfull \hbox (73.95169pt too wide) in paragraph at lines 9--11
[][] 
 []

[57] [58]
Overfull \hbox (49.95145pt too wide) in paragraph at lines 102--103
[][] 
 []


Overfull \hbox (136.35233pt too wide) in paragraph at lines 103--104
[][] 
 []

[59]
Overfull \hbox (121.95218pt too wide) in paragraph at lines 131--132
[][] 
 []

[60] [61] [62]
Overfull \hbox (136.35233pt too wide) in paragraph at lines 347--348
[][] 
 []

[63] [64]
Overfull \hbox (136.35233pt too wide) in paragraph at lines 413--414
[][] 
 []

[65] [66]
Overfull \hbox (49.95145pt too wide) in paragraph at lines 541--542
[][] 
 []


Overfull \hbox (136.35233pt too wide) in paragraph at lines 542--543
[][] 
 []

[67]) (out/../Appendix/src/neorv32_cpu_regfile.vhd
Overfull \hbox (73.95169pt too wide) in paragraph at lines 1--2
[][] 
 []


Overfull \hbox (73.95169pt too wide) in paragraph at lines 3--4
[][] 
 []


Overfull \hbox (78.75174pt too wide) in paragraph at lines 6--7
[][] 
 []


Overfull \hbox (78.75174pt too wide) in paragraph at lines 11--12
[][] 
 []


Overfull \hbox (73.95169pt too wide) in paragraph at lines 15--16
[][] 
 []


Overfull \hbox (73.95169pt too wide) in paragraph at lines 21--23
[][] 
 []

[68]
Overfull \hbox (136.35233pt too wide) in paragraph at lines 63--65
[][] 
 []

[69]
Overfull \hbox (136.35233pt too wide) in paragraph at lines 78--79
[][] 
 []


Overfull \hbox (136.35233pt too wide) in paragraph at lines 106--107
[][] 
 []

[70]) (out/../Appendix/src/neorv32_package.vhd
Overfull \hbox (73.95169pt too wide) in paragraph at lines 1--2
[][] 
 []


Overfull \hbox (73.95169pt too wide) in paragraph at lines 3--4
[][] 
 []


Overfull \hbox (73.95169pt too wide) in paragraph at lines 9--11
[][] 
 []


Overfull \hbox (198.75296pt too wide) in paragraph at lines 17--18
[][] 
 []


Overfull \hbox (198.75296pt too wide) in paragraph at lines 19--21
[][] 
 []


Overfull \hbox (11.55106pt too wide) in paragraph at lines 21--22
[][] 
 []


Overfull \hbox (136.35233pt too wide) in paragraph at lines 22--23
[][] 
 []

[71]
Overfull \hbox (136.35233pt too wide) in paragraph at lines 40--41
[][] 
 []


Overfull \hbox (198.75296pt too wide) in paragraph at lines 49--50
[][] 
 []


Overfull \hbox (198.75296pt too wide) in paragraph at lines 51--53
[][] 
 []

[72] [73]
Overfull \hbox (198.75296pt too wide) in paragraph at lines 101--102
[][] 
 []


Overfull \hbox (198.75296pt too wide) in paragraph at lines 103--105
[][] 
 []


Overfull \hbox (40.35135pt too wide) in paragraph at lines 105--106
[][] 
 []


Overfull \hbox (136.35233pt too wide) in paragraph at lines 106--107
[][] 
 []


Overfull \hbox (11.55106pt too wide) in paragraph at lines 116--117
[][] 
 []


Overfull \hbox (136.35233pt too wide) in paragraph at lines 117--118
[][] 
 []

[74]
Overfull \hbox (11.55106pt too wide) in paragraph at lines 169--170
[][] 
 []


Overfull \hbox (136.35233pt too wide) in paragraph at lines 170--171
[][] 
 []

[75]
Overfull \hbox (136.35233pt too wide) in paragraph at lines 203--204
[][] 
 []


Overfull \hbox (49.95145pt too wide) in paragraph at lines 242--243
[][] 
 []


Overfull \hbox (136.35233pt too wide) in paragraph at lines 243--244
[][] 
 []

[76]
Overfull \hbox (198.75296pt too wide) in paragraph at lines 308--309
[][] 
 []


Overfull \hbox (198.75296pt too wide) in paragraph at lines 310--312
[][] 
 []


Overfull \hbox (136.35233pt too wide) in paragraph at lines 313--314
[][] 
 []

[77]
Overfull \hbox (49.95145pt too wide) in paragraph at lines 333--334
[][] 
 []


Overfull \hbox (136.35233pt too wide) in paragraph at lines 334--335
[][] 
 []

[78]
Overfull \hbox (54.7515pt too wide) in paragraph at lines 364--365
[][] 
 []


Overfull \hbox (136.35233pt too wide) in paragraph at lines 365--366
[][] 
 []

[79]
Overfull \hbox (6.751pt too wide) in paragraph at lines 413--414
[][] 
 []


Overfull \hbox (136.35233pt too wide) in paragraph at lines 414--415
[][] 
 []

[80]
Overfull \hbox (136.35233pt too wide) in paragraph at lines 422--423
[][] 
 []


Overfull \hbox (64.3516pt too wide) in paragraph at lines 452--453
[][] 
 []


Overfull \hbox (136.35233pt too wide) in paragraph at lines 453--454
[][] 
 []

[81] [82] [83] [84] [85]
Overfull \hbox (198.75296pt too wide) in paragraph at lines 598--599
[][] 
 []


Overfull \hbox (198.75296pt too wide) in paragraph at lines 600--602
[][] 
 []


Overfull \hbox (21.15115pt too wide) in paragraph at lines 602--603
[][] 
 []


Overfull \hbox (136.35233pt too wide) in paragraph at lines 603--604
[][] 
 []

[86] [87]
Overfull \hbox (136.35233pt too wide) in paragraph at lines 703--704
[][] 
 []


Overfull \hbox (49.95145pt too wide) in paragraph at lines 711--712
[][] 
 []


Overfull \hbox (136.35233pt too wide) in paragraph at lines 712--713
[][] 
 []


Overfull \hbox (30.75125pt too wide) in paragraph at lines 716--717
[][] 
 []


Overfull \hbox (136.35233pt too wide) in paragraph at lines 717--718
[][] 
 []

[88]
Overfull \hbox (136.35233pt too wide) in paragraph at lines 728--729
[][] 
 []


Overfull \hbox (54.7515pt too wide) in paragraph at lines 734--735
[][] 
 []


Overfull \hbox (136.35233pt too wide) in paragraph at lines 735--736
[][] 
 []

[89]
Overfull \hbox (64.3516pt too wide) in paragraph at lines 774--775
[][] 
 []


Overfull \hbox (136.35233pt too wide) in paragraph at lines 775--776
[][] 
 []

[90]
Overfull \hbox (45.1514pt too wide) in paragraph at lines 813--814
[][] 
 []


Overfull \hbox (136.35233pt too wide) in paragraph at lines 814--815
[][] 
 []


Overfull \hbox (49.95145pt too wide) in paragraph at lines 818--819
[][] 
 []


Overfull \hbox (136.35233pt too wide) in paragraph at lines 819--820
[][] 
 []

[91]
Overfull \hbox (198.75296pt too wide) in paragraph at lines 835--836
[][] 
 []


Overfull \hbox (198.75296pt too wide) in paragraph at lines 837--839
[][] 
 []


Overfull \hbox (198.75296pt too wide) in paragraph at lines 856--857
[][] 
 []


Overfull \hbox (198.75296pt too wide) in paragraph at lines 858--860
[][] 
 []

[92] [93] [94] [95]
Overfull \hbox (198.75296pt too wide) in paragraph at lines 1063--1064
[][] 
 []

[96]
Overfull \hbox (198.75296pt too wide) in paragraph at lines 1065--1067
[][] 
 []


Overfull \hbox (136.35233pt too wide) in paragraph at lines 1068--1069
[][] 
 []


Overfull \hbox (136.35233pt too wide) in paragraph at lines 1080--1081
[][] 
 []


Overfull \hbox (136.35233pt too wide) in paragraph at lines 1091--1092
[][] 
 []


Overfull \hbox (136.35233pt too wide) in paragraph at lines 1102--1103
[][] 
 []

[97]
Overfull \hbox (136.35233pt too wide) in paragraph at lines 1113--1114
[][] 
 []


Overfull \hbox (136.35233pt too wide) in paragraph at lines 1124--1125
[][] 
 []


Overfull \hbox (136.35233pt too wide) in paragraph at lines 1135--1136
[][] 
 []


Overfull \hbox (64.3516pt too wide) in paragraph at lines 1145--1146
[][] 
 []


Overfull \hbox (136.35233pt too wide) in paragraph at lines 1146--1147
[][] 
 []


Overfull \hbox (59.55154pt too wide) in paragraph at lines 1157--1158
[][] 
 []


Overfull \hbox (136.35233pt too wide) in paragraph at lines 1158--1159
[][] 
 []

[98]
Overfull \hbox (59.55154pt too wide) in paragraph at lines 1169--1170
[][] 
 []


Overfull \hbox (136.35233pt too wide) in paragraph at lines 1170--1171
[][] 
 []


Overfull \hbox (136.35233pt too wide) in paragraph at lines 1182--1183
[][] 
 []


Overfull \hbox (59.55154pt too wide) in paragraph at lines 1197--1198
[][] 
 []


Overfull \hbox (136.35233pt too wide) in paragraph at lines 1198--1199
[][] 
 []

[99]
Overfull \hbox (136.35233pt too wide) in paragraph at lines 1210--1211
[][] 
 []


Overfull \hbox (54.7515pt too wide) in paragraph at lines 1226--1227
[][] 
 []


Overfull \hbox (136.35233pt too wide) in paragraph at lines 1227--1228
[][] 
 []


Overfull \hbox (136.35233pt too wide) in paragraph at lines 1236--1237
[][] 
 []


Overfull \hbox (136.35233pt too wide) in paragraph at lines 1248--1249
[][] 
 []

[100])) [101] (out/bthesis_wbischoff_2228538.aux)
 ***********
LaTeX2e <2025-11-01>
L3 programming layer <2025-12-29>
 ***********


LaTeX Warning: There were multiply-defined labels.

 ) 
Here is how much of TeX's memory you used:
 49869 strings out of 467538
 991561 string characters out of 5423725
 2311212 words of memory out of 5000000
 72638 multiletter control sequences out of 15000+600000
 745867 words of font info for 190 fonts, out of 8000000 for 9000
 1141 hyphenation exceptions out of 8191
 112i,20n,125p,11246b,2883s stack positions out of 10000i,1000n,20000p,200000b,200000s
<c:/texlive/2025/texmf-dist/fonts/type1/google/roboto/Roboto-Bold.pfb><c:/tex
live/2025/texmf-dist/fonts/type1/google/roboto/Roboto-Italic.pfb><c:/texlive/20
25/texmf-dist/fonts/type1/google/roboto/Roboto-Regular.pfb><c:/texlive/2025/tex
mf-dist/fonts/type1/public/amsfonts/cm/cmex10.pfb><c:/texlive/2025/texmf-dist/f
onts/type1/public/amsfonts/cm/cmr10.pfb><c:/texlive/2025/texmf-dist/fonts/type1
/public/amsfonts/cm/cmsy10.pfb><c:/texlive/2025/texmf-dist/fonts/type1/public/m
athpazo/fplmr.pfb><c:/texlive/2025/texmf-dist/fonts/type1/public/cm-super/sftt0
800.pfb><c:/texlive/2025/texmf-dist/fonts/type1/public/cm-super/sftt1000.pfb><c
:/texlive/2025/texmf-dist/fonts/type1/urw/helvetic/uhvb8a.pfb><c:/texlive/2025/
texmf-dist/fonts/type1/urw/helvetic/uhvr8a.pfb><c:/texlive/2025/texmf-dist/font
s/type1/urw/palatino/uplr8a.pfb><c:/texlive/2025/texmf-dist/fonts/type1/urw/pal
atino/uplri8a.pfb>
Output written on out/bthesis_wbischoff_2228538.pdf (178 pages, 1937109 bytes).

PDF statistics:
 7796 PDF objects out of 8907 (max. 8388607)
 7450 compressed objects within 75 object streams
 5447 named destinations out of 6186 (max. 500000)
 54285 words of extra memory for PDF output out of 61914 (max. 10000000)

